Archive member included because of file (symbol)

darjeeling.a(main.o)          /usr/local/CrossPack-AVR-20131216/lib/gcc/avr/4.8.1/../../../../avr/lib/avr6/crtm2560.o (main)
darjeeling.a(avr.o)           darjeeling.a(main.o) (avr_serialInit)
darjeeling.a(core.o)          darjeeling.a(main.o) (core_init)
darjeeling.a(debug.o)         darjeeling.a(main.o) (darjeeling_debug_indent_index)
darjeeling.a(djarchive.o)     darjeeling.a(main.o) (di_app_archive)
darjeeling.a(djtimer.o)       darjeeling.a(core.o) (dj_timer_init)
darjeeling.a(heap.o)          darjeeling.a(core.o) (dj_mem_init)
darjeeling.a(hooks.o)         darjeeling.a(main.o) (dj_hook_call)
darjeeling.a(panic.o)         darjeeling.a(debug.o) (dj_panic)
darjeeling.a(vm.o)            darjeeling.a(main.o) (dj_vm_main)
darjeeling.a(vm_gc.o)         darjeeling.a(vm.o) (vm_mem_setPanicExceptionObject)
darjeeling.a(vmthread.o)      darjeeling.a(vm.o) (dj_thread_create)
darjeeling.a(app_infusions.o)
                              darjeeling.a(main.o) (di_app_infusion_archive_data)
darjeeling.a(lib_infusions.o)
                              darjeeling.a(main.o) (di_lib_infusions_archive_data)
darjeeling.a(GENERATEDlibinit.o)
                              darjeeling.a(core.o) (dj_libraries_init)
darjeeling.a(array.o)         darjeeling.a(vm_gc.o) (dj_ref_array_updatePointers)
darjeeling.a(base_init.o)     darjeeling.a(GENERATEDlibinit.o) (base_init)
darjeeling.a(darjeeling3_init.o)
                              darjeeling.a(GENERATEDlibinit.o) (darjeeling3_init)
darjeeling.a(execution.o)     darjeeling.a(vm.o) (dj_exec_setVM)
darjeeling.a(global_id.o)     darjeeling.a(execution.o) (dj_global_id_resolve)
darjeeling.a(infusion.o)      darjeeling.a(vm.o) (dj_infusion_create)
darjeeling.a(jlib_base.o)     darjeeling.a(GENERATEDlibinit.o) (base_native_handler)
darjeeling.a(jlib_darjeeling3.o)
                              darjeeling.a(GENERATEDlibinit.o) (darjeeling3_native_handler)
darjeeling.a(jlib_wkpf_virtual.o)
                              darjeeling.a(GENERATEDlibinit.o) (wkpf_virtual_native_handler)
darjeeling.a(jstring.o)       darjeeling.a(execution.o) (dj_jstring_createFromGlobalId)
darjeeling.a(object.o)        darjeeling.a(vm.o) (dj_object_create)
darjeeling.a(uart_init.o)     darjeeling.a(GENERATEDlibinit.o) (uart_init)
darjeeling.a(util.o)          darjeeling.a(vm.o) (dj_di_strEquals)
darjeeling.a(vm_init.o)       darjeeling.a(GENERATEDlibinit.o) (vm_init)
darjeeling.a(wkcomm_init.o)   darjeeling.a(GENERATEDlibinit.o) (wkcomm_init)
darjeeling.a(wkpf_init.o)     darjeeling.a(GENERATEDlibinit.o) (wkpf_init)
darjeeling.a(wkpf_virtual_init.o)
                              darjeeling.a(GENERATEDlibinit.o) (wkpf_virtual_init)
darjeeling.a(wkreprog_init.o)
                              darjeeling.a(GENERATEDlibinit.o) (wkreprog_init)
darjeeling.a(GENERATEDnative_wuclasses.o)
                              darjeeling.a(wkpf_init.o) (wkpf_native_wuclasses_init)
darjeeling.a(GENERATEDwuclass_ir_sensor.o)
                              darjeeling.a(GENERATEDnative_wuclasses.o) (wuclass_ir_sensor)
darjeeling.a(GENERATEDwuclass_led.o)
                              darjeeling.a(GENERATEDnative_wuclasses.o) (wuclass_led)
darjeeling.a(GENERATEDwuclass_magnetic_sensor.o)
                              darjeeling.a(GENERATEDnative_wuclasses.o) (wuclass_magnetic_sensor)
darjeeling.a(GENERATEDwuclass_or_gate.o)
                              darjeeling.a(GENERATEDnative_wuclasses.o) (wuclass_or_gate)
darjeeling.a(GENERATEDwuclass_pir_sensor.o)
                              darjeeling.a(GENERATEDnative_wuclasses.o) (wuclass_pir_sensor)
darjeeling.a(GENERATEDwuclass_ultrasound_sensor.o)
                              darjeeling.a(GENERATEDnative_wuclasses.o) (wuclass_ultrasound_sensor)
darjeeling.a(java_lang_Object.o)
                              darjeeling.a(jlib_base.o) (java_lang_Object_java_lang_String_toString)
darjeeling.a(java_lang_Runtime.o)
                              darjeeling.a(jlib_base.o) (java_lang_Runtime_void_exit_int)
darjeeling.a(java_lang_System.o)
                              darjeeling.a(jlib_base.o) (java_lang_System_long_currentTimeMillis)
darjeeling.a(java_lang_Thread.o)
                              darjeeling.a(jlib_base.o) (java_lang_Thread_short__create)
darjeeling.a(javax_darjeeling_Darjeeling.o)
                              darjeeling.a(jlib_darjeeling3.o) (javax_darjeeling_Darjeeling_void_assertTrue_int_boolean)
darjeeling.a(javax_darjeeling_vm_Infusion.o)
                              darjeeling.a(jlib_base.o) (javax_darjeeling_vm_Infusion_short_getInfusionCount)
darjeeling.a(javax_wukong_wkpf_WKPF.o)
                              darjeeling.a(jlib_wkpf_virtual.o) (javax_wukong_wkpf_WKPF_byte_getErrorCode)
darjeeling.a(routing_none.o)  darjeeling.a(wkcomm_init.o) (routing_init)
darjeeling.a(wkcomm.o)        darjeeling.a(routing_none.o) (wkcomm_handle_message)
[...]
Memory Configuration

Name             Origin             Length             Attributes
text             0x00000000         0x00100000         xr
data             0x00800200         0x0000fe00         rw !x
eeprom           0x00810000         0x00010000         rw !x
fuse             0x00820000         0x00000400         rw !x
lock             0x00830000         0x00000400         rw !x
signature        0x00840000         0x00000400         rw !x
user_signatures  0x00850000         0x00000400         rw !x
*default*        0x00000000         0xffffffff

Linker script and memory map

Address of section .data set to 0x800200
LOAD /usr/local/CrossPack-AVR-20131216/lib/gcc/avr/4.8.1/../../../../avr/lib/avr6/crtm2560.o
Address of section .reprogram_flash_page set to 0x3f000
LOAD darjeeling.a
START GROUP
LOAD /usr/local/CrossPack-AVR-20131216/lib/gcc/avr/4.8.1/avr6/libgcc.a
LOAD /usr/local/CrossPack-AVR-20131216/lib/gcc/avr/4.8.1/../../../../avr/lib/avr6/libm.a
LOAD /usr/local/CrossPack-AVR-20131216/lib/gcc/avr/4.8.1/../../../../avr/lib/avr6/libc.a
END GROUP

.hash
 *(.hash)

.dynsym
 *(.dynsym)

.dynstr
 *(.dynstr)

.gnu.version
 *(.gnu.version)

.gnu.version_d
 *(.gnu.version_d)

.gnu.version_r
 *(.gnu.version_r)

.rel.init
 *(.rel.init)

.rela.init
 *(.rela.init)

.rel.text
 *(.rel.text)
 *(.rel.text.*)
 *(.rel.gnu.linkonce.t*)

.rela.text
 *(.rela.text)
 *(.rela.text.*)
 *(.rela.gnu.linkonce.t*)

.rel.fini
 *(.rel.fini)

.rela.fini
 *(.rela.fini)

.rel.rodata
 *(.rel.rodata)
 *(.rel.rodata.*)
 *(.rel.gnu.linkonce.r*)

.rela.rodata
 *(.rela.rodata)
 *(.rela.rodata.*)
 *(.rela.gnu.linkonce.r*)

.rel.data
 *(.rel.data)
 *(.rel.data.*)
 *(.rel.gnu.linkonce.d*)

.rela.data
 *(.rela.data)
 *(.rela.data.*)
 *(.rela.gnu.linkonce.d*)

.rel.ctors
 *(.rel.ctors)

.rela.ctors
 *(.rela.ctors)

.rel.dtors
 *(.rel.dtors)

.rela.dtors
 *(.rela.dtors)

.rel.got
 *(.rel.got)

.rela.got
 *(.rela.got)

.rel.bss
 *(.rel.bss)

.rela.bss
 *(.rela.bss)

.rel.plt
 *(.rel.plt)

.rela.plt
 *(.rela.plt)

.text           0x00000000    0x12e5c
 *(.vectors)
 .vectors       0x00000000       0xe4 /usr/local/CrossPack-AVR-20131216/lib/gcc/avr/4.8.1/../../../../avr/lib/avr6/crtm2560.o
                0x00000000                __vectors
                0x00000000                __vector_default
 *(.vectors)
 *(.progmem.gcc*)
 .progmem.gcc_sw_table
                0x000000e4       0x12 darjeeling.a(panic.o)
 .progmem.gcc_sw_table
                0x000000f6      0x1b6 darjeeling.a(execution.o)
 .progmem.gcc_sw_table
                0x000002ac       0x10 darjeeling.a(jlib_darjeeling3.o)
 .progmem.gcc_sw_table
                0x000002bc       0x20 darjeeling.a(jlib_wkpf_virtual.o)
 .progmem.gcc_sw_table
                0x000002dc       0x10 darjeeling.a(java_lang_System.o)
 .progmem.gcc_sw_table
                0x000002ec       0x2a darjeeling.a(wkpf_comm.o)
 .progmem.gcc_fplib
                0x00000316       0x28 /usr/local/CrossPack-AVR-20131216/lib/gcc/avr/4.8.1/../../../../avr/lib/avr6/libm.a(exp.o)
 .progmem.gcc_fplib
                0x0000033e       0x5a /usr/local/CrossPack-AVR-20131216/lib/gcc/avr/4.8.1/../../../../avr/lib/avr6/libm.a(log.o)
                0x00000398                . = ALIGN (0x2)
                0x00000398                __trampolines_start = .
 *(.trampolines)
 .trampolines   0x00000398      0x48c linker stubs
 *(.trampolines*)
                0x00000824                __trampolines_end = .
 *(.progmem*)
 *fill*         0x00000824       0xdc 
 .progmem.data  0x00000900     0x1000 darjeeling.a(app_infusions.o)
                0x00000900                di_app_infusion_archive_data
 .progmem.data  0x00001900     0x33db darjeeling.a(lib_infusions.o)
                0x00001900                di_lib_infusions_archive_data
                0x00004cdc                . = ALIGN (0x2)
 *fill*         0x00004cdb        0x1 
 *(.jumptables)
 *(.jumptables*)
 *(.lowtext)
 *(.lowtext*)
                0x00004cdc                __ctors_start = .
 *(.ctors)
                0x00004cdc                __ctors_end = .
                0x00004cdc                __dtors_start = .
 *(.dtors)
                0x00004cdc                __dtors_end = .
 SORT(*)(.ctors)
 SORT(*)(.dtors)
 *(.init0)
 .init0         0x00004cdc        0x0 /usr/local/CrossPack-AVR-20131216/lib/gcc/avr/4.8.1/../../../../avr/lib/avr6/crtm2560.o
                0x00004cdc                __init
 *(.init0)
 *(.init1)
 *(.init1)
 *(.init2)
 .init2         0x00004cdc       0x10 /usr/local/CrossPack-AVR-20131216/lib/gcc/avr/4.8.1/../../../../avr/lib/avr6/crtm2560.o
 *(.init2)
 *(.init3)
 *(.init3)
 *(.init4)
 .init4         0x00004cec       0x1a /usr/local/CrossPack-AVR-20131216/lib/gcc/avr/4.8.1/avr6/libgcc.a(_copy_data.o)
                0x00004cec                __do_copy_data
 .init4         0x00004d06       0x10 /usr/local/CrossPack-AVR-20131216/lib/gcc/avr/4.8.1/avr6/libgcc.a(_clear_bss.o)
                0x00004d06                __do_clear_bss
 *(.init4)
 *(.init5)
 *(.init5)
 *(.init6)
 *(.init6)
 *(.init7)
 *(.init7)
 *(.init8)
 *(.init8)
 *(.init9)
 .init9         0x00004d16        0x8 /usr/local/CrossPack-AVR-20131216/lib/gcc/avr/4.8.1/../../../../avr/lib/avr6/crtm2560.o
 *(.init9)
 *(.text)
 .text          0x00004d1e        0x4 /usr/local/CrossPack-AVR-20131216/lib/gcc/avr/4.8.1/../../../../avr/lib/avr6/crtm2560.o
                0x00004d1e                __vector_42
                0x00004d1e                __vector_22
                0x00004d1e                __vector_28
                0x00004d1e                __vector_1
                0x00004d1e                __vector_32
                0x00004d1e                __vector_34
                0x00004d1e                __vector_24
                0x00004d1e                __vector_12
                0x00004d1e                __vector_55
                0x00004d1e                __vector_46
                0x00004d1e                __bad_interrupt
                0x00004d1e                __vector_6
                0x00004d1e                __vector_31
                0x00004d1e                __vector_35
                0x00004d1e                __vector_39
                0x00004d1e                __vector_3
                0x00004d1e                __vector_30
                0x00004d1e                __vector_45
                0x00004d1e                __vector_11
                0x00004d1e                __vector_13
                0x00004d1e                __vector_17
                0x00004d1e                __vector_19
                0x00004d1e                __vector_56
                0x00004d1e                __vector_7
                0x00004d1e                __vector_49
                0x00004d1e                __vector_41
                0x00004d1e                __vector_43
                0x00004d1e                __vector_27
                0x00004d1e                __vector_5
                0x00004d1e                __vector_33
                0x00004d1e                __vector_47
                0x00004d1e                __vector_52
                0x00004d1e                __vector_37
                0x00004d1e                __vector_4
                0x00004d1e                __vector_44
                0x00004d1e                __vector_9
                0x00004d1e                __vector_2
                0x00004d1e                __vector_21
                0x00004d1e                __vector_15
                0x00004d1e                __vector_29
                0x00004d1e                __vector_40
                0x00004d1e                __vector_8
                0x00004d1e                __vector_26
                0x00004d1e                __vector_48
                0x00004d1e                __vector_14
                0x00004d1e                __vector_53
                0x00004d1e                __vector_10
                0x00004d1e                __vector_50
                0x00004d1e                __vector_16
                0x00004d1e                __vector_18
                0x00004d1e                __vector_20
                0x00004d1e                __vector_38
 .text          0x00004d22        0x0 darjeeling.a(main.o)
 .text          0x00004d22      0x1d0 darjeeling.a(avr.o)
                0x00004d22                __vector_23
                0x00004db6                avr_millis
                0x00004dce                avr_delay
                0x00004e12                avr_timerInit
                0x00004e36                avr_serialInit
                0x00004e7e                avr_serialWrite
                0x00004e8c                avr_serialPrint
                0x00004ebe                avr_serialVPrint
                0x00004ed6                avr_serialPrintf
 .text          0x00004ef2       0x3e darjeeling.a(core.o)
                0x00004ef2                core_init
 .text          0x00004f30       0x34 darjeeling.a(debug.o)
                0x00004f30                dj_dump_stack
                0x00004f32                dj_dump_int_array
 .text          0x00004f64       0x48 darjeeling.a(djarchive.o)
                0x00004f64                dj_archive_number_of_files
                0x00004f88                dj_archive_get_file
 .text          0x00004fac       0x26 darjeeling.a(djtimer.o)
                0x00004fac                dj_timer_init
                0x00004fb0                dj_timer_getTimeMillis
                0x00004fce                dj_timer_delay
 .text          0x00004fd2      0x582 darjeeling.a(heap.o)
                0x00004fd2                dj_mem_init
                0x00005018                dj_mem_free
                0x00005058                dj_mem_getSize
                0x00005062                dj_mem_getFree
                0x00005078                dj_mem_addSafePointer
                0x000050ae                dj_mem_countSafePointers
                0x000050ca                dj_mem_removeSafePointer
                0x000050e8                dj_mem_shiftRuntimeIDs
                0x00005158                dj_mem_getFirstChunk
                0x00005162                dj_mem_getNextChunk
                0x0000519c                dj_mem_compact
                0x000052ca                dj_mem_gc
                0x0000540a                dj_mem_alloc
                0x000054a4                dj_mem_dump
 .text          0x00005554       0xb2 darjeeling.a(hooks.o)
                0x00005554                dj_hook_add
                0x000055dc                dj_hook_call
 .text          0x00005606      0x3a6 darjeeling.a(panic.o)
                0x00005606                dj_panic
 .text          0x000059ac     0x11fa darjeeling.a(vm.o)
                0x000059c4                dj_vm_create
                0x000059f6                dj_vm_destroy
                0x000059fa                dj_vm_addInfusion
                0x00005a5a                dj_vm_countInfusions
                0x00005a78                dj_vm_getInfusionId
                0x00005a9e                dj_vm_getInfusion
                0x00005aca                dj_vm_lookupInfusion
                0x00005b08                dj_vm_safeToUnload
                0x00005b42                dj_vm_unloadInfusion
                0x00005c26                dj_vm_getSysLibClassRuntimeId
                0x00005c36                dj_vm_addThread
                0x00005c86                dj_vm_removeThread
                0x00005cc4                dj_vm_countThreads
                0x00005ce2                dj_vm_notify
                0x00005d18                dj_vm_checkFinishedThreads
                0x00005d6a                dj_vm_getThread
                0x00005d8c                dj_vm_getThreadById
                0x00005db6                dj_vm_countLiveThreads
                0x00005ddc                dj_vm_getVMSleepTime
                0x00005f68                dj_vm_activateThread
                0x00005fa4                dj_vm_mem_updatePointers
                0x00005fec                dj_vm_getMonitor
                0x0000615c                dj_vm_wakeThreads
                0x0000628e                dj_vm_schedule
                0x000062d8                dj_vm_removeMonitor
                0x000063f2                dj_vm_getRuntimeClass
                0x0000646e                dj_vm_getRuntimeClassDefinition
                0x00006482                dj_vm_createSysLibObject
                0x000064d4                dj_vm_getSystemInfusion
                0x000064dc                dj_vm_runClassInitialisers
                0x0000666e                dj_vm_loadInfusion
                0x0000699e                dj_vm_loadInfusionArchive
                0x00006a3c                dj_vm_main
 .text          0x00006ba6      0x30e darjeeling.a(vm_gc.o)
                0x00006bfe                vm_mem_setPanicExceptionObject
                0x00006c08                vm_mem_getPanicExceptionObject
                0x00006c12                vm_mem_preGC
                0x00006c4e                vm_mem_postGC
                0x00006c66                vm_mem_markRootSet
                0x00006ce2                vm_mem_markObject
                0x00006d9a                vm_mem_updatePointers
 .text          0x00006eb4      0x5f2 darjeeling.a(vmthread.o)
                0x00006ee4                dj_thread_create
                0x00006f22                dj_thread_destroy
                0x00006f26                dj_thread_pushFrame
                0x00006f3a                dj_thread_popFrame
                0x00006f54                dj_frame_markRootSet
                0x00007028                dj_frame_updatePointers
                0x00007132                dj_thread_markRootSet
                0x00007180                dj_thread_updatePointers
                0x000071bc                dj_thread_sleep
                0x0000720c                dj_thread_wait
                0x0000728c                dj_frame_create
                0x00007384                dj_thread_create_and_run
                0x000073e6                dj_monitor_block_create
                0x00007402                dj_monitor_block_updatePointers
                0x00007458                dj_monitor_markRootSet
 .text          0x000074a6        0x0 darjeeling.a(app_infusions.o)
 .text          0x000074a6        0x0 darjeeling.a(lib_infusions.o)
 .text          0x000074a6       0x20 darjeeling.a(GENERATEDlibinit.o)
                0x000074a6                dj_libraries_init
 .text          0x000074c6      0x138 darjeeling.a(array.o)
                0x000074c6                dj_int_array_create
                0x00007560                dj_int_array_destroy
                0x00007564                dj_ref_array_create
                0x000075be                dj_ref_array_destroy
                0x000075c2                dj_ref_array_updatePointers
 .text          0x000075fe        0x2 darjeeling.a(base_init.o)
                0x000075fe                base_init
 .text          0x00007600        0x2 darjeeling.a(darjeeling3_init.o)
                0x00007600                darjeeling3_init
 .text          0x00007602     0x30ce darjeeling.a(execution.o)
                0x00007c8a                dj_exec_setVM
                0x00007ca4                dj_exec_getVM
                0x00007cae                dj_exec_breakExecution
                0x00007cbc                dj_exec_deactivateThread
                0x00007cd0                dj_exec_activate_thread
                0x00007dea                dj_exec_updatePointers
                0x00007e38                dj_exec_getCurrentInfusion
                0x00007eb6                dj_exec_getCurrentThread
                0x00007ec4                dj_exec_stackPushShort
                0x00007ec8                dj_exec_stackPushInt
                0x00007ecc                dj_exec_stackPushLong
                0x00007ed0                dj_exec_stackPushRef
                0x00007ed4                dj_exec_stackPopShort
                0x00007ed8                dj_exec_stackPopInt
                0x00007edc                dj_exec_stackPopLong
                0x00007ee0                dj_exec_stackPopRef
                0x00007ee4                dj_exec_stackPeekShort
                0x00007ef4                dj_exec_stackPeekInt
                0x00007f08                dj_exec_stackPeekLong
                0x00007f44                dj_exec_stackPeekRef
                0x00007f52                dj_exec_throw
                0x0000820a                dj_exec_throwHere
                0x00008216                dj_exec_createAndThrow
                0x00008646                dj_exec_run
 .text          0x0000a6d0      0x4d6 darjeeling.a(global_id.o)
                0x0000a6d0                dj_global_id_resolve
                0x0000a6f6                dj_global_id_mapToInfusion
                0x0000a706                dj_global_id_equals
                0x0000a71a                dj_global_id_isJavaLangObject
                0x0000a748                dj_global_id_getRuntimeClassId
                0x0000a758                dj_global_id_getClassDefinition
                0x0000a7a4                dj_global_id_implements
                0x0000a87c                dj_global_id_isEqualToOrChildOf
                0x0000a918                dj_global_id_testClassType
                0x0000a95c                dj_global_id_testType
                0x0000a9fe                dj_global_id_lookupVirtualMethod
                0x0000ab86                dj_global_id_getMethodImplementation
                0x0000ab96                dj_global_id_getString
 .text          0x0000aba6      0x444 darjeeling.a(infusion.o)
                0x0000aba6                dj_infusion_create
                0x0000ad94                dj_infusion_destroy
                0x0000ad98                dj_infusion_getReferencedInfusionIndex
                0x0000ade6                dj_infusion_markRootSet
                0x0000ae32                dj_infusion_updatePointers
                0x0000af3a                dj_infusion_getName
                0x0000af74                dj_infusion_getClassDefinition
                0x0000af9a                dj_infusion_getMethodImplementation
                0x0000afc0                dj_infusion_getString
 .text          0x0000afea       0xd0 darjeeling.a(jlib_base.o)
                0x0000afea                base_native_handler
 .text          0x0000b0ba       0x32 darjeeling.a(jlib_darjeeling3.o)
                0x0000b0ba                darjeeling3_native_handler
 .text          0x0000b0ec       0x56 darjeeling.a(jlib_wkpf_virtual.o)
                0x0000b0ec                wkpf_virtual_native_handler
 .text          0x0000b142      0x1a2 darjeeling.a(jstring.o)
                0x0000b142                dj_jstring_create
                0x0000b206                dj_jstring_createFromStr
                0x0000b258                dj_jstring_createFromGlobalId
 .text          0x0000b2e4       0x48 darjeeling.a(object.o)
                0x0000b2e4                dj_object_create
                0x0000b322                dj_object_getRuntimeId
 .text          0x0000b32c        0x2 darjeeling.a(uart_init.o)
                0x0000b32c                uart_init
 .text          0x0000b32e       0x5c darjeeling.a(util.o)
                0x0000b32e                dj_di_strEquals
                0x0000b362                dj_di_strEqualsDirectStr
 .text          0x0000b38a       0x60 darjeeling.a(vm_init.o)
                0x0000b38a                vm_init
 .text          0x0000b3ea       0x1c darjeeling.a(wkcomm_init.o)
                0x0000b3ea                wkcomm_init
 .text          0x0000b406       0x60 darjeeling.a(wkpf_init.o)
                0x0000b406                led_init
                0x0000b408                wkpf_init
 .text          0x0000b466        0x2 darjeeling.a(wkpf_virtual_init.o)
                0x0000b466                wkpf_virtual_init
 .text          0x0000b468       0x18 darjeeling.a(wkreprog_init.o)
                0x0000b468                wkreprog_init
 .text          0x0000b480      0x1aa darjeeling.a(GENERATEDnative_wuclasses.o)
                0x0000b480                wkpf_native_wuclasses_init
 .text          0x0000b62a        0x0 darjeeling.a(GENERATEDwuclass_ir_sensor.o)
 .text          0x0000b62a        0x4 darjeeling.a(GENERATEDwuclass_led.o)
                0x0000b62a                wuclass_led_getPrivateData
 .text          0x0000b62e        0x0 darjeeling.a(GENERATEDwuclass_magnetic_sensor.o)
 .text          0x0000b62e        0x4 darjeeling.a(GENERATEDwuclass_or_gate.o)
                0x0000b62e                wuclass_or_gate_getPrivateData
 .text          0x0000b632        0x0 darjeeling.a(GENERATEDwuclass_pir_sensor.o)
 .text          0x0000b632        0x0 darjeeling.a(GENERATEDwuclass_ultrasound_sensor.o)
 .text          0x0000b632      0x164 darjeeling.a(java_lang_Object.o)
                0x0000b632                java_lang_Object_void_wait_int
                0x0000b69e                java_lang_Object_void_wait
                0x0000b6da                java_lang_Object_void_notify
                0x0000b6f4                java_lang_Object_void_notifyAll
                0x0000b70e                java_lang_Object_java_lang_String_toString
                0x0000b784                java_lang_Object_int_hashCode
 .text          0x0000b796       0x22 darjeeling.a(java_lang_Runtime.o)
                0x0000b796                java_lang_Runtime_void_exit_int
                0x0000b798                java_lang_Runtime_int_freeMemory
                0x0000b7a6                java_lang_Runtime_int_totalMemory
                0x0000b7b4                java_lang_Runtime_void_gc
 .text          0x0000b7b8      0x2ae darjeeling.a(java_lang_System.o)
                0x0000b7b8                java_lang_System_long_currentTimeMillis
                0x0000b7c0                java_lang_System_void_arraycopy_java_lang_Object_int_java_lang_Object_int_int
 .text          0x0000ba66      0x1b6 darjeeling.a(java_lang_Thread.o)
                0x0000ba66                java_lang_Thread_short__create
                0x0000ba96                java_lang_Thread_void__start_short
                0x0000bb44                java_lang_Thread_short__getStatus_short
                0x0000bb70                java_lang_Thread_void__setRunnable_short_java_lang_Runnable
                0x0000bb9e                java_lang_Thread_void_sleep_long
                0x0000bbf4                java_lang_Thread_short__getCurrentThreadId
                0x0000bc02                java_lang_Thread_int_activeCount
                0x0000bc18                java_lang_Thread_void_yield
 .text          0x0000bc1c      0x142 darjeeling.a(javax_darjeeling_Darjeeling.o)
                0x0000bc1c                javax_darjeeling_Darjeeling_void_assertTrue_int_boolean
                0x0000bc8a                javax_darjeeling_Darjeeling_void__print_java_lang_String
                0x0000bcee                javax_darjeeling_Darjeeling_int_getNodeId
                0x0000bcf8                javax_darjeeling_Darjeeling_int_getMemFree
                0x0000bd06                javax_darjeeling_Darjeeling_int_random
                0x0000bd12                javax_darjeeling_Darjeeling_short_getNrThreads
                0x0000bd1e                javax_darjeeling_Darjeeling_java_lang_Thread_getThread_short
 .text          0x0000bd5e      0x194 darjeeling.a(javax_darjeeling_vm_Infusion.o)
                0x0000bd5e                javax_darjeeling_vm_Infusion_short_getInfusionCount
                0x0000bd6a                javax_darjeeling_vm_Infusion_java_lang_Object__getInfusion_short
                0x0000bda2                javax_darjeeling_vm_Infusion_char____getName_java_lang_Object
                0x0000be2e                javax_darjeeling_vm_Infusion_short__getImportedInfusionCount_java_lang_Object
                0x0000be3c                javax_darjeeling_vm_Infusion_java_lang_Object__getImportedInfusion_java_lang_Object_short
                0x0000be8c                javax_darjeeling_vm_Infusion_void__unload_java_lang_Object
 .text          0x0000bef2      0x666 darjeeling.a(javax_wukong_wkpf_WKPF.o)
                0x0000bef2                javax_wukong_wkpf_WKPF_byte_getErrorCode
                0x0000befc                javax_wukong_wkpf_WKPF_void_registerWuClass_short_byte__
                0x0000bf30                javax_wukong_wkpf_WKPF_void_createWuObject_short_byte_javax_wukong_wkpf_VirtualWuObject
                0x0000bf68                javax_wukong_wkpf_WKPF_void_destroyWuObject_byte
                0x0000bf76                javax_wukong_wkpf_WKPF_short_getPropertyShort_javax_wukong_wkpf_VirtualWuObject_byte
                0x0000bfce                javax_wukong_wkpf_WKPF_void_setPropertyShort_javax_wukong_wkpf_VirtualWuObject_byte_short
                0x0000c024                javax_wukong_wkpf_WKPF_boolean_getPropertyBoolean_javax_wukong_wkpf_VirtualWuObject_byte
                0x0000c078                javax_wukong_wkpf_WKPF_void_setPropertyBoolean_javax_wukong_wkpf_VirtualWuObject_byte_boolean
                0x0000c0d4                javax_wukong_wkpf_WKPF_void_appLoadInitLinkTableAndComponentMap
                0x0000c0e2                javax_wukong_wkpf_WKPF_void_appInitCreateLocalObjectAndInitValues
                0x0000c0f0                javax_wukong_wkpf_WKPF_javax_wukong_wkpf_VirtualWuObject_select
                0x0000c0fe                javax_wukong_wkpf_WKPF_byte_getPortNumberForComponent_short
                0x0000c134                javax_wukong_wkpf_WKPF_boolean_isLocalComponent_short
                0x0000c190                javax_wukong_wkpf_WKPF_short_getMyNodeId
                0x0000c198                javax_wukong_wkpf_WKPF_boolean_updateMapping_short_short_byte_short_byte
                0x0000c1f4                javax_wukong_wkpf_WKPF_boolean_updateLinking_short_short_byte_short_byte_short_byte_short_byte
 .text          0x0000c558       0x24 darjeeling.a(routing_none.o)
                0x0000c558                addr_wkcomm_to_zwave
                0x0000c55a                addr_zwave_to_wkcomm
                0x0000c55e                routing_send
                0x0000c562                routing_send_raw
                0x0000c566                routing_handle_zwave_message
                0x0000c56c                routing_get_node_id
                0x0000c574                routing_init
                0x0000c578                routing_poll
 .text          0x0000c57c      0x268 darjeeling.a(wkcomm.o)
                0x0000c57c                wkcomm_send_raw
                0x0000c584                wkcomm_do_send
                0x0000c5f2                wkcomm_send
                0x0000c614                wkcomm_send_reply
                0x0000c62c                wkcomm_send_and_wait_for_reply
                0x0000c712                wkcomm_handle_message
                0x0000c7dc                wkcomm_poll
                0x0000c7e0                wkcomm_get_node_id
 .text          0x0000c7e4      0xbba darjeeling.a(wkpf_comm.o)
                0x0000c7e4                send_message
                0x0000c860                send_message_withou_reply
                0x0000c9cc                wkpf_call_adaptor
                0x0000ca00                wkpf_send_set_property_int16
                0x0000ca96                wkpf_send_set_property_boolean
                0x0000cb34                wkpf_send_set_property_refresh_rate
                0x0000cbc4                wkpf_send_set_linktable
                0x0000cc58                wkpf_send_set_linktable_no_token
                0x0000ccd0                wkpf_send_monitor_property_int16
                0x0000cd14                wkpf_send_monitor_property_boolean
                0x0000cd58                wkpf_send_monitor_property_refresh_rate
                0x0000cd9e                wkpf_send_request_property_init
                0x0000cdc6                wkpf_comm_handle_message
 .text          0x0000d39e       0xfa darjeeling.a(wkpf_config.o)
                0x0000d39e                wkpf_config_set_part_of_location_string
                0x0000d3be                wkpf_config_get_part_of_location_string
                0x0000d3f2                wkpf_config_set_feature_enabled
                0x0000d440                wkpf_config_get_feature_enabled
                0x0000d474                wkpf_config_get_master_node_id
                0x0000d47c                wkpf_config_set_master_node_id
                0x0000d486                wkpf_config_get_gid
                0x0000d48e                wkpf_config_set_gid
 .text          0x0000d498      0x126 darjeeling.a(wkpf_gc.o)
                0x0000d498                wkpf_markRootSet
                0x0000d4f8                wkpf_updatePointers
 .text          0x0000d5be     0x159e darjeeling.a(wkpf_links.o)
                0x0000d5be                wkpf_init_token
                0x0000d5fe                wkpf_generate_piggyback_token
                0x0000d672                wkpf_release_token
                0x0000d6c6                wkpf_find_token
                0x0000d6ec                wkpf_set_token
                0x0000d7be                wkpf_update_token_table
                0x0000d8e4                wkpf_update_token_table_with_piggyback
                0x0000d90e                wkpf_component_is_locked
                0x0000d92c                wkpf_get_component_id
                0x0000da46                wkpf_pull_property
                0x0000db8a                wkpf_propagate_property
                0x0000de5a                wkpf_propagate_dirty_properties
                0x0000ded2                wkpf_get_node_and_port_for_component
                0x0000df6e                wkpf_node_is_leader
                0x0000dfb8                wkpf_does_property_need_initialisation_pull
                0x0000e084                wkpf_load_component_to_wuobject_map
                0x0000e1b0                wkpf_load_links
                0x0000e1d0                wkpf_create_local_wuobjects_from_app_tables
                0x0000e38c                wkpf_process_initvalues_list
                0x0000e582                wkpf_update_initvalue_in_flash
                0x0000e6e2                wkpf_update_map_in_flash
                0x0000e848                wkpf_update_link_in_flash
                0x0000ea1a                wkpf_update_link
                0x0000ea7e                wkpf_propagate_link_change
 .text          0x0000eb5c      0x19a darjeeling.a(wkpf_main.o)
                0x0000eb5c                wkpf_initLinkTableAndComponentMap
                0x0000ec0c                wkpf_initLocalObjectAndInitValues
                0x0000ec80                wkpf_mainloop
                0x0000ecde                wkpf_picokong
 .text          0x0000ecf6      0x328 darjeeling.a(wkpf_properties.o)
                0x0000ecf6                wkpf_update_status_after_property_write
                0x0000ed08                wkpf_verify_property_access
                0x0000ed58                wkpf_read_property_int16
                0x0000ed9e                wkpf_write_property_int16
                0x0000edfc                wkpf_read_property_boolean
                0x0000ee3e                wkpf_write_property_boolean
                0x0000ee92                wkpf_read_property_refresh_rate
                0x0000eed8                wkpf_write_property_refresh_rate
                0x0000ef3e                wkpf_get_property_status
                0x0000ef5e                wkpf_property_needs_initialisation_push
                0x0000ef92                wkpf_property_status_is_dirty
                0x0000efc0                wkpf_propagating_dirty_property_failed
                0x0000f000                wkpf_propagating_dirty_property_succeeded
                0x0000f014                wkpf_set_property_status_needs_pull
 .text          0x0000f01e       0xd8 darjeeling.a(wkpf_virtual_wuclasses.o)
                0x0000f01e                wkpf_register_virtual_wuclass
 .text          0x0000f0f6       0xca darjeeling.a(wkpf_wuclasses.o)
                0x0000f0f6                wkpf_get_wuclass_by_id
                0x0000f128                wkpf_register_wuclass
                0x0000f172                wkpf_get_wuclass_by_index
                0x0000f1a4                wkpf_get_number_of_wuclasses
 .text          0x0000f1c0      0x6f8 darjeeling.a(wkpf_wuobjects.o)
                0x0000f1c0                wkpf_get_size_of_all_properties
                0x0000f1f2                wkpf_remove_wuobject
                0x0000f252                wkpf_get_wuobject_by_port
                0x0000f280                wkpf_get_wuobject_by_index
                0x0000f2b0                wkpf_get_wuobject_by_java_instance_reference
                0x0000f2e2                wkpf_get_number_of_wuobjects
                0x0000f2fe                wkpf_set_need_to_call_update_for_wuobject
                0x0000f320                wkpf_schedule_next_update_for_wuobject
                0x0000f404                wkpf_get_next_wuobject_to_update
                0x0000f5be                wkpf_get_next_dirty_property
                0x0000f6d8                wkpf_get_property
                0x0000f708                wkpf_set_request_property_init_where_necessary
                0x0000f756                wkpf_create_wuobject
                0x0000f89c                wkpf_get_private_wuobject_data
 .text          0x0000f8b8       0x76 darjeeling.a(wkreprog.o)
                0x0000f8b8                wkreprog_open
 .text          0x0000f92e      0x1ba darjeeling.a(wkreprog_comm.o)
                0x0000f92e                wkreprog_comm_handle_message
 .text          0x0000fae8      0x1f4 darjeeling.a(wkreprog_impl.o)
                0x0000fae8                wkreprog_impl_get_page_size
                0x0000faee                wkreprog_impl_open
                0x0000fb42                wkreprog_impl_reboot
                0x0000fb50                wkreprog_impl_write
                0x0000fc2a                wkreprog_impl_close
 .text          0x0000fcdc      0x19c darjeeling.a(wuclass_LED_update.o)
                0x0000fcdc                wuclass_led_setup
                0x0000fcfa                set_led
                0x0000fd22                wuclass_led_update
 .text          0x0000fe78      0x162 darjeeling.a(wuclass_ir_sensor_update.o)
                0x0000fe78                wuclass_ir_sensor_setup
                0x0000fed4                wuclass_ir_sensor_update
 .text          0x0000ffda      0x254 darjeeling.a(wuclass_magnetic_sensor_update.o)
                0x0000ffda                wuclass_magnetic_sensor_setup
                0x00010152                wuclass_magnetic_sensor_update
 .text          0x0001022e       0xc8 darjeeling.a(wuclass_or_gate_update.o)
                0x0001022e                wuclass_or_gate_setup
                0x00010230                wuclass_or_gate_update
 .text          0x000102f6       0xf8 darjeeling.a(wuclass_pir_sensor.o)
                0x000102f6                wuclass_pir_sensor_setup
                0x00010366                wuclass_pir_sensor_update
 .text          0x000103ee      0x422 darjeeling.a(wuclass_ultrasound_sensor_update.o)
                0x000103ee                getPulseWidth
                0x0001047e                wuclass_ultrasound_sensor_setup
                0x00010480                wuclass_ultrasound_sensor_update
 .text          0x00010810      0xcfe darjeeling.a(radio_zwave.o)
                0x00010810                radio_zwave_get_node_id
                0x00010816                Zwave_receive
                0x00010aac                radio_zwave_reset
                0x00010b26                radio_zwave_set_node_info
                0x00010c26                radio_zwave_learn
                0x00010dd0                radio_zwave_poll
                0x00010edc                SerialAPI_request
                0x00010fc2                radio_zwave_init
                0x00011342                ZW_sendData
                0x00011424                radio_zwave_send
                0x0001142c                ZW_sendDataRaw
                0x00011506                radio_zwave_send_raw
 .text          0x0001150e      0x358 darjeeling.a(radio_zwave_platform_dependent.o)
                0x0001150e                radio_zwave_platform_dependent_init
                0x0001154e                radio_zwave_platform_dependent_poll
 .text          0x00011866      0x3d8 darjeeling.a(uart.o)
                0x00011866                __vector_25
                0x000118ba                __vector_36
                0x0001190e                __vector_51
                0x00011962                __vector_54
                0x000119b6                uart_close
                0x000119ea                uart_inituart
                0x00011af8                uart_write_byte
                0x00011b20                uart_available
                0x00011c16                uart_read_byte
 .text          0x00011c3e        0x0 /usr/local/CrossPack-AVR-20131216/lib/gcc/avr/4.8.1/avr6/libgcc.a(_mulsi3.o)
 .text          0x00011c3e        0x0 /usr/local/CrossPack-AVR-20131216/lib/gcc/avr/4.8.1/avr6/libgcc.a(_udivmodhi4.o)
 .text          0x00011c3e        0x0 /usr/local/CrossPack-AVR-20131216/lib/gcc/avr/4.8.1/avr6/libgcc.a(_udivmodsi4.o)
 .text          0x00011c3e        0x0 /usr/local/CrossPack-AVR-20131216/lib/gcc/avr/4.8.1/avr6/libgcc.a(_divmodsi4.o)
 .text          0x00011c3e        0x0 /usr/local/CrossPack-AVR-20131216/lib/gcc/avr/4.8.1/avr6/libgcc.a(_negsi2.o)
 .text          0x00011c3e        0x0 /usr/local/CrossPack-AVR-20131216/lib/gcc/avr/4.8.1/avr6/libgcc.a(_exit.o)
 .text          0x00011c3e        0x0 /usr/local/CrossPack-AVR-20131216/lib/gcc/avr/4.8.1/avr6/libgcc.a(_tablejump.o)
 .text          0x00011c3e        0x0 /usr/local/CrossPack-AVR-20131216/lib/gcc/avr/4.8.1/avr6/libgcc.a(_copy_data.o)
 .text          0x00011c3e        0x0 /usr/local/CrossPack-AVR-20131216/lib/gcc/avr/4.8.1/avr6/libgcc.a(_clear_bss.o)
 .text          0x00011c3e        0x0 /usr/local/CrossPack-AVR-20131216/lib/gcc/avr/4.8.1/avr6/libgcc.a(_muluhisi3.o)
 .text          0x00011c3e        0x0 /usr/local/CrossPack-AVR-20131216/lib/gcc/avr/4.8.1/avr6/libgcc.a(_muldi3.o)
 .text          0x00011c3e        0x0 /usr/local/CrossPack-AVR-20131216/lib/gcc/avr/4.8.1/avr6/libgcc.a(_muldi3_6.o)
 .text          0x00011c3e        0x0 /usr/local/CrossPack-AVR-20131216/lib/gcc/avr/4.8.1/avr6/libgcc.a(_divdi3.o)
 .text          0x00011c3e        0x0 /usr/local/CrossPack-AVR-20131216/lib/gcc/avr/4.8.1/avr6/libgcc.a(_udivdi3.o)
 .text          0x00011c3e        0x0 /usr/local/CrossPack-AVR-20131216/lib/gcc/avr/4.8.1/avr6/libgcc.a(_udivmod64.o)
 .text          0x00011c3e        0x0 /usr/local/CrossPack-AVR-20131216/lib/gcc/avr/4.8.1/avr6/libgcc.a(_negdi2.o)
 .text          0x00011c3e        0x0 /usr/local/CrossPack-AVR-20131216/lib/gcc/avr/4.8.1/avr6/libgcc.a(_prologue.o)
 .text          0x00011c3e        0x0 /usr/local/CrossPack-AVR-20131216/lib/gcc/avr/4.8.1/avr6/libgcc.a(_epilogue.o)
 .text          0x00011c3e        0x0 /usr/local/CrossPack-AVR-20131216/lib/gcc/avr/4.8.1/avr6/libgcc.a(_ashldi3.o)
 .text          0x00011c3e        0x0 /usr/local/CrossPack-AVR-20131216/lib/gcc/avr/4.8.1/avr6/libgcc.a(_ashrdi3.o)
 .text          0x00011c3e        0x0 /usr/local/CrossPack-AVR-20131216/lib/gcc/avr/4.8.1/avr6/libgcc.a(_adddi3.o)
 .text          0x00011c3e        0x0 /usr/local/CrossPack-AVR-20131216/lib/gcc/avr/4.8.1/avr6/libgcc.a(_subdi3.o)
 .text          0x00011c3e        0x0 /usr/local/CrossPack-AVR-20131216/lib/gcc/avr/4.8.1/avr6/libgcc.a(_cmpdi2.o)
 .text          0x00011c3e        0x0 /usr/local/CrossPack-AVR-20131216/lib/gcc/avr/4.8.1/avr6/libgcc.a(_cmpdi2_s8.o)
 .text          0x00011c3e        0x0 /usr/local/CrossPack-AVR-20131216/lib/gcc/avr/4.8.1/avr6/libgcc.a(_umulhisi3.o)
 .text          0x00011c3e        0x0 /usr/local/CrossPack-AVR-20131216/lib/gcc/avr/4.8.1/../../../../avr/lib/avr6/libm.a(addsf3.o)
 .text          0x00011c3e        0x0 /usr/local/CrossPack-AVR-20131216/lib/gcc/avr/4.8.1/../../../../avr/lib/avr6/libm.a(addsf3x.o)
 .text          0x00011c3e        0x0 /usr/local/CrossPack-AVR-20131216/lib/gcc/avr/4.8.1/../../../../avr/lib/avr6/libm.a(divsf3.o)
 .text          0x00011c3e        0x0 /usr/local/CrossPack-AVR-20131216/lib/gcc/avr/4.8.1/../../../../avr/lib/avr6/libm.a(divsf3x.o)
 .text          0x00011c3e        0x0 /usr/local/CrossPack-AVR-20131216/lib/gcc/avr/4.8.1/../../../../avr/lib/avr6/libm.a(fixsfsi.o)
 .text          0x00011c3e        0x0 /usr/local/CrossPack-AVR-20131216/lib/gcc/avr/4.8.1/../../../../avr/lib/avr6/libm.a(fixunssfsi.o)
 .text          0x00011c3e        0x0 /usr/local/CrossPack-AVR-20131216/lib/gcc/avr/4.8.1/../../../../avr/lib/avr6/libm.a(floatsisf.o)
 .text          0x00011c3e        0x0 /usr/local/CrossPack-AVR-20131216/lib/gcc/avr/4.8.1/../../../../avr/lib/avr6/libm.a(fp_inf.o)
 .text          0x00011c3e        0x0 /usr/local/CrossPack-AVR-20131216/lib/gcc/avr/4.8.1/../../../../avr/lib/avr6/libm.a(fp_nan.o)
 .text          0x00011c3e        0x0 /usr/local/CrossPack-AVR-20131216/lib/gcc/avr/4.8.1/../../../../avr/lib/avr6/libm.a(fp_pscA.o)
 .text          0x00011c3e        0x0 /usr/local/CrossPack-AVR-20131216/lib/gcc/avr/4.8.1/../../../../avr/lib/avr6/libm.a(fp_pscB.o)
 .text          0x00011c3e        0x0 /usr/local/CrossPack-AVR-20131216/lib/gcc/avr/4.8.1/../../../../avr/lib/avr6/libm.a(fp_round.o)
 .text          0x00011c3e        0x0 /usr/local/CrossPack-AVR-20131216/lib/gcc/avr/4.8.1/../../../../avr/lib/avr6/libm.a(fp_split3.o)
 .text          0x00011c3e        0x0 /usr/local/CrossPack-AVR-20131216/lib/gcc/avr/4.8.1/../../../../avr/lib/avr6/libm.a(fp_zero.o)
 .text          0x00011c3e        0x0 /usr/local/CrossPack-AVR-20131216/lib/gcc/avr/4.8.1/../../../../avr/lib/avr6/libm.a(mulsf3.o)
 .text          0x00011c3e        0x0 /usr/local/CrossPack-AVR-20131216/lib/gcc/avr/4.8.1/../../../../avr/lib/avr6/libm.a(mulsf3x.o)
 .text          0x00011c3e        0x0 /usr/local/CrossPack-AVR-20131216/lib/gcc/avr/4.8.1/../../../../avr/lib/avr6/libm.a(pow.o)
 .text          0x00011c3e        0x0 /usr/local/CrossPack-AVR-20131216/lib/gcc/avr/4.8.1/../../../../avr/lib/avr6/libm.a(exp.o)
 .text          0x00011c3e        0x0 /usr/local/CrossPack-AVR-20131216/lib/gcc/avr/4.8.1/../../../../avr/lib/avr6/libm.a(fp_powser.o)
 .text          0x00011c3e        0x0 /usr/local/CrossPack-AVR-20131216/lib/gcc/avr/4.8.1/../../../../avr/lib/avr6/libm.a(inverse.o)
 .text          0x00011c3e        0x0 /usr/local/CrossPack-AVR-20131216/lib/gcc/avr/4.8.1/../../../../avr/lib/avr6/libm.a(ldexp.o)
 .text          0x00011c3e        0x0 /usr/local/CrossPack-AVR-20131216/lib/gcc/avr/4.8.1/../../../../avr/lib/avr6/libm.a(log.o)
 .text          0x00011c3e        0x0 /usr/local/CrossPack-AVR-20131216/lib/gcc/avr/4.8.1/../../../../avr/lib/avr6/libm.a(modf.o)
 .text          0x00011c3e        0x0 /usr/local/CrossPack-AVR-20131216/lib/gcc/avr/4.8.1/../../../../avr/lib/avr6/libm.a(fp_mpack.o)
 .text          0x00011c3e        0x0 /usr/local/CrossPack-AVR-20131216/lib/gcc/avr/4.8.1/../../../../avr/lib/avr6/libc.a(memcpy.o)
 .text          0x00011c3e        0x0 /usr/local/CrossPack-AVR-20131216/lib/gcc/avr/4.8.1/../../../../avr/lib/avr6/libc.a(memmove.o)
 .text          0x00011c3e        0x0 /usr/local/CrossPack-AVR-20131216/lib/gcc/avr/4.8.1/../../../../avr/lib/avr6/libc.a(memset.o)
 .text          0x00011c3e        0x0 /usr/local/CrossPack-AVR-20131216/lib/gcc/avr/4.8.1/../../../../avr/lib/avr6/libc.a(snprintf.o)
 .text          0x00011c3e        0x0 /usr/local/CrossPack-AVR-20131216/lib/gcc/avr/4.8.1/../../../../avr/lib/avr6/libc.a(vsnprintf.o)
 .text          0x00011c3e        0x0 /usr/local/CrossPack-AVR-20131216/lib/gcc/avr/4.8.1/../../../../avr/lib/avr6/libc.a(vfprintf_std.o)
 .text          0x00011c3e        0x0 /usr/local/CrossPack-AVR-20131216/lib/gcc/avr/4.8.1/../../../../avr/lib/avr6/libc.a(eerd_block_atmega2560.o)
 .text          0x00011c3e        0x0 /usr/local/CrossPack-AVR-20131216/lib/gcc/avr/4.8.1/../../../../avr/lib/avr6/libc.a(eerd_byte_atmega2560.o)
 .text          0x00011c3e        0x0 /usr/local/CrossPack-AVR-20131216/lib/gcc/avr/4.8.1/../../../../avr/lib/avr6/libc.a(eerd_word_atmega2560.o)
 .text          0x00011c3e        0x0 /usr/local/CrossPack-AVR-20131216/lib/gcc/avr/4.8.1/../../../../avr/lib/avr6/libc.a(eeupd_block_atmega2560.o)
 .text          0x00011c3e        0x0 /usr/local/CrossPack-AVR-20131216/lib/gcc/avr/4.8.1/../../../../avr/lib/avr6/libc.a(eeupd_byte_atmega2560.o)
 .text          0x00011c3e        0x0 /usr/local/CrossPack-AVR-20131216/lib/gcc/avr/4.8.1/../../../../avr/lib/avr6/libc.a(eeupd_word_atmega2560.o)
 .text          0x00011c3e        0x0 /usr/local/CrossPack-AVR-20131216/lib/gcc/avr/4.8.1/../../../../avr/lib/avr6/libc.a(strnlen_P.o)
 .text          0x00011c3e        0x0 /usr/local/CrossPack-AVR-20131216/lib/gcc/avr/4.8.1/../../../../avr/lib/avr6/libc.a(strnlen.o)
 .text          0x00011c3e        0x0 /usr/local/CrossPack-AVR-20131216/lib/gcc/avr/4.8.1/../../../../avr/lib/avr6/libc.a(fputc.o)
 .text          0x00011c3e        0x0 /usr/local/CrossPack-AVR-20131216/lib/gcc/avr/4.8.1/../../../../avr/lib/avr6/libc.a(ultoa_invert.o)
                0x00011c3e                . = ALIGN (0x2)
 *(.text.*)
 .text.startup  0x00011c3e       0x4e darjeeling.a(main.o)
                0x00011c3e                main
 .text.libgcc.mul
                0x00011c8c       0x20 /usr/local/CrossPack-AVR-20131216/lib/gcc/avr/4.8.1/avr6/libgcc.a(_mulsi3.o)
                0x00011c8c                __mulsi3
 .text.libgcc.div
                0x00011cac        0x0 /usr/local/CrossPack-AVR-20131216/lib/gcc/avr/4.8.1/avr6/libgcc.a(_mulsi3.o)
 .text.libgcc   0x00011cac        0x0 /usr/local/CrossPack-AVR-20131216/lib/gcc/avr/4.8.1/avr6/libgcc.a(_mulsi3.o)
 .text.libgcc.prologue
                0x00011cac        0x0 /usr/local/CrossPack-AVR-20131216/lib/gcc/avr/4.8.1/avr6/libgcc.a(_mulsi3.o)
 .text.libgcc.builtins
                0x00011cac        0x0 /usr/local/CrossPack-AVR-20131216/lib/gcc/avr/4.8.1/avr6/libgcc.a(_mulsi3.o)
 .text.libgcc.fmul
                0x00011cac        0x0 /usr/local/CrossPack-AVR-20131216/lib/gcc/avr/4.8.1/avr6/libgcc.a(_mulsi3.o)
 .text.libgcc.fixed
                0x00011cac        0x0 /usr/local/CrossPack-AVR-20131216/lib/gcc/avr/4.8.1/avr6/libgcc.a(_mulsi3.o)
 .text.libgcc.mul
                0x00011cac        0x0 /usr/local/CrossPack-AVR-20131216/lib/gcc/avr/4.8.1/avr6/libgcc.a(_udivmodhi4.o)
 .text.libgcc.div
                0x00011cac       0x28 /usr/local/CrossPack-AVR-20131216/lib/gcc/avr/4.8.1/avr6/libgcc.a(_udivmodhi4.o)
                0x00011cac                __udivmodhi4
 .text.libgcc   0x00011cd4        0x0 /usr/local/CrossPack-AVR-20131216/lib/gcc/avr/4.8.1/avr6/libgcc.a(_udivmodhi4.o)
 .text.libgcc.prologue
                0x00011cd4        0x0 /usr/local/CrossPack-AVR-20131216/lib/gcc/avr/4.8.1/avr6/libgcc.a(_udivmodhi4.o)
 .text.libgcc.builtins
                0x00011cd4        0x0 /usr/local/CrossPack-AVR-20131216/lib/gcc/avr/4.8.1/avr6/libgcc.a(_udivmodhi4.o)
 .text.libgcc.fmul
                0x00011cd4        0x0 /usr/local/CrossPack-AVR-20131216/lib/gcc/avr/4.8.1/avr6/libgcc.a(_udivmodhi4.o)
 .text.libgcc.fixed
                0x00011cd4        0x0 /usr/local/CrossPack-AVR-20131216/lib/gcc/avr/4.8.1/avr6/libgcc.a(_udivmodhi4.o)
 .text.libgcc.mul
                0x00011cd4        0x0 /usr/local/CrossPack-AVR-20131216/lib/gcc/avr/4.8.1/avr6/libgcc.a(_udivmodsi4.o)
 .text.libgcc.div
                0x00011cd4       0x44 /usr/local/CrossPack-AVR-20131216/lib/gcc/avr/4.8.1/avr6/libgcc.a(_udivmodsi4.o)
                0x00011cd4                __udivmodsi4
 .text.libgcc   0x00011d18        0x0 /usr/local/CrossPack-AVR-20131216/lib/gcc/avr/4.8.1/avr6/libgcc.a(_udivmodsi4.o)
 .text.libgcc.prologue
                0x00011d18        0x0 /usr/local/CrossPack-AVR-20131216/lib/gcc/avr/4.8.1/avr6/libgcc.a(_udivmodsi4.o)
 .text.libgcc.builtins
                0x00011d18        0x0 /usr/local/CrossPack-AVR-20131216/lib/gcc/avr/4.8.1/avr6/libgcc.a(_udivmodsi4.o)
 .text.libgcc.fmul
                0x00011d18        0x0 /usr/local/CrossPack-AVR-20131216/lib/gcc/avr/4.8.1/avr6/libgcc.a(_udivmodsi4.o)
 .text.libgcc.fixed
                0x00011d18        0x0 /usr/local/CrossPack-AVR-20131216/lib/gcc/avr/4.8.1/avr6/libgcc.a(_udivmodsi4.o)
 .text.libgcc.mul
                0x00011d18        0x0 /usr/local/CrossPack-AVR-20131216/lib/gcc/avr/4.8.1/avr6/libgcc.a(_divmodsi4.o)
 .text.libgcc.div
                0x00011d18       0x2e /usr/local/CrossPack-AVR-20131216/lib/gcc/avr/4.8.1/avr6/libgcc.a(_divmodsi4.o)
                0x00011d18                __divmodsi4
 .text.libgcc   0x00011d46        0x0 /usr/local/CrossPack-AVR-20131216/lib/gcc/avr/4.8.1/avr6/libgcc.a(_divmodsi4.o)
 .text.libgcc.prologue
                0x00011d46        0x0 /usr/local/CrossPack-AVR-20131216/lib/gcc/avr/4.8.1/avr6/libgcc.a(_divmodsi4.o)
 .text.libgcc.builtins
                0x00011d46        0x0 /usr/local/CrossPack-AVR-20131216/lib/gcc/avr/4.8.1/avr6/libgcc.a(_divmodsi4.o)
 .text.libgcc.fmul
                0x00011d46        0x0 /usr/local/CrossPack-AVR-20131216/lib/gcc/avr/4.8.1/avr6/libgcc.a(_divmodsi4.o)
 .text.libgcc.fixed
                0x00011d46        0x0 /usr/local/CrossPack-AVR-20131216/lib/gcc/avr/4.8.1/avr6/libgcc.a(_divmodsi4.o)
 .text.libgcc.mul
                0x00011d46        0x0 /usr/local/CrossPack-AVR-20131216/lib/gcc/avr/4.8.1/avr6/libgcc.a(_negsi2.o)
 .text.libgcc.div
                0x00011d46       0x10 /usr/local/CrossPack-AVR-20131216/lib/gcc/avr/4.8.1/avr6/libgcc.a(_negsi2.o)
                0x00011d46                __negsi2
 .text.libgcc   0x00011d56        0x0 /usr/local/CrossPack-AVR-20131216/lib/gcc/avr/4.8.1/avr6/libgcc.a(_negsi2.o)
 .text.libgcc.prologue
                0x00011d56        0x0 /usr/local/CrossPack-AVR-20131216/lib/gcc/avr/4.8.1/avr6/libgcc.a(_negsi2.o)
 .text.libgcc.builtins
                0x00011d56        0x0 /usr/local/CrossPack-AVR-20131216/lib/gcc/avr/4.8.1/avr6/libgcc.a(_negsi2.o)
 .text.libgcc.fmul
                0x00011d56        0x0 /usr/local/CrossPack-AVR-20131216/lib/gcc/avr/4.8.1/avr6/libgcc.a(_negsi2.o)
 .text.libgcc.fixed
                0x00011d56        0x0 /usr/local/CrossPack-AVR-20131216/lib/gcc/avr/4.8.1/avr6/libgcc.a(_negsi2.o)
 .text.libgcc.mul
                0x00011d56        0x0 /usr/local/CrossPack-AVR-20131216/lib/gcc/avr/4.8.1/avr6/libgcc.a(_exit.o)
 .text.libgcc.div
                0x00011d56        0x0 /usr/local/CrossPack-AVR-20131216/lib/gcc/avr/4.8.1/avr6/libgcc.a(_exit.o)
 .text.libgcc   0x00011d56        0x0 /usr/local/CrossPack-AVR-20131216/lib/gcc/avr/4.8.1/avr6/libgcc.a(_exit.o)
 .text.libgcc.prologue
                0x00011d56        0x0 /usr/local/CrossPack-AVR-20131216/lib/gcc/avr/4.8.1/avr6/libgcc.a(_exit.o)
 .text.libgcc.builtins
                0x00011d56        0x0 /usr/local/CrossPack-AVR-20131216/lib/gcc/avr/4.8.1/avr6/libgcc.a(_exit.o)
 .text.libgcc.fmul
                0x00011d56        0x0 /usr/local/CrossPack-AVR-20131216/lib/gcc/avr/4.8.1/avr6/libgcc.a(_exit.o)
 .text.libgcc.fixed
                0x00011d56        0x0 /usr/local/CrossPack-AVR-20131216/lib/gcc/avr/4.8.1/avr6/libgcc.a(_exit.o)
 .text.libgcc.mul
                0x00011d56        0x0 /usr/local/CrossPack-AVR-20131216/lib/gcc/avr/4.8.1/avr6/libgcc.a(_tablejump.o)
 .text.libgcc.div
                0x00011d56        0x0 /usr/local/CrossPack-AVR-20131216/lib/gcc/avr/4.8.1/avr6/libgcc.a(_tablejump.o)
 .text.libgcc   0x00011d56        0xc /usr/local/CrossPack-AVR-20131216/lib/gcc/avr/4.8.1/avr6/libgcc.a(_tablejump.o)
                0x00011d56                __tablejump2__
                0x00011d5a                __tablejump__
 .text.libgcc.prologue
                0x00011d62        0x0 /usr/local/CrossPack-AVR-20131216/lib/gcc/avr/4.8.1/avr6/libgcc.a(_tablejump.o)
 .text.libgcc.builtins
                0x00011d62        0x0 /usr/local/CrossPack-AVR-20131216/lib/gcc/avr/4.8.1/avr6/libgcc.a(_tablejump.o)
 .text.libgcc.fmul
                0x00011d62        0x0 /usr/local/CrossPack-AVR-20131216/lib/gcc/avr/4.8.1/avr6/libgcc.a(_tablejump.o)
 .text.libgcc.fixed
                0x00011d62        0x0 /usr/local/CrossPack-AVR-20131216/lib/gcc/avr/4.8.1/avr6/libgcc.a(_tablejump.o)
 .text.libgcc.mul
                0x00011d62        0x0 /usr/local/CrossPack-AVR-20131216/lib/gcc/avr/4.8.1/avr6/libgcc.a(_copy_data.o)
 .text.libgcc.div
                0x00011d62        0x0 /usr/local/CrossPack-AVR-20131216/lib/gcc/avr/4.8.1/avr6/libgcc.a(_copy_data.o)
 .text.libgcc   0x00011d62        0x0 /usr/local/CrossPack-AVR-20131216/lib/gcc/avr/4.8.1/avr6/libgcc.a(_copy_data.o)
 .text.libgcc.prologue
                0x00011d62        0x0 /usr/local/CrossPack-AVR-20131216/lib/gcc/avr/4.8.1/avr6/libgcc.a(_copy_data.o)
 .text.libgcc.builtins
                0x00011d62        0x0 /usr/local/CrossPack-AVR-20131216/lib/gcc/avr/4.8.1/avr6/libgcc.a(_copy_data.o)
 .text.libgcc.fmul
                0x00011d62        0x0 /usr/local/CrossPack-AVR-20131216/lib/gcc/avr/4.8.1/avr6/libgcc.a(_copy_data.o)
 .text.libgcc.fixed
                0x00011d62        0x0 /usr/local/CrossPack-AVR-20131216/lib/gcc/avr/4.8.1/avr6/libgcc.a(_copy_data.o)
 .text.libgcc.mul
                0x00011d62        0x0 /usr/local/CrossPack-AVR-20131216/lib/gcc/avr/4.8.1/avr6/libgcc.a(_clear_bss.o)
 .text.libgcc.div
                0x00011d62        0x0 /usr/local/CrossPack-AVR-20131216/lib/gcc/avr/4.8.1/avr6/libgcc.a(_clear_bss.o)
 .text.libgcc   0x00011d62        0x0 /usr/local/CrossPack-AVR-20131216/lib/gcc/avr/4.8.1/avr6/libgcc.a(_clear_bss.o)
 .text.libgcc.prologue
                0x00011d62        0x0 /usr/local/CrossPack-AVR-20131216/lib/gcc/avr/4.8.1/avr6/libgcc.a(_clear_bss.o)
 .text.libgcc.builtins
                0x00011d62        0x0 /usr/local/CrossPack-AVR-20131216/lib/gcc/avr/4.8.1/avr6/libgcc.a(_clear_bss.o)
 .text.libgcc.fmul
                0x00011d62        0x0 /usr/local/CrossPack-AVR-20131216/lib/gcc/avr/4.8.1/avr6/libgcc.a(_clear_bss.o)
 .text.libgcc.fixed
                0x00011d62        0x0 /usr/local/CrossPack-AVR-20131216/lib/gcc/avr/4.8.1/avr6/libgcc.a(_clear_bss.o)
 .text.libgcc.mul
                0x00011d62       0x16 /usr/local/CrossPack-AVR-20131216/lib/gcc/avr/4.8.1/avr6/libgcc.a(_muluhisi3.o)
                0x00011d62                __muluhisi3
 .text.libgcc.div
                0x00011d78        0x0 /usr/local/CrossPack-AVR-20131216/lib/gcc/avr/4.8.1/avr6/libgcc.a(_muluhisi3.o)
 .text.libgcc   0x00011d78        0x0 /usr/local/CrossPack-AVR-20131216/lib/gcc/avr/4.8.1/avr6/libgcc.a(_muluhisi3.o)
 .text.libgcc.prologue
                0x00011d78        0x0 /usr/local/CrossPack-AVR-20131216/lib/gcc/avr/4.8.1/avr6/libgcc.a(_muluhisi3.o)
 .text.libgcc.builtins
                0x00011d78        0x0 /usr/local/CrossPack-AVR-20131216/lib/gcc/avr/4.8.1/avr6/libgcc.a(_muluhisi3.o)
 .text.libgcc.fmul
                0x00011d78        0x0 /usr/local/CrossPack-AVR-20131216/lib/gcc/avr/4.8.1/avr6/libgcc.a(_muluhisi3.o)
 .text.libgcc.fixed
                0x00011d78        0x0 /usr/local/CrossPack-AVR-20131216/lib/gcc/avr/4.8.1/avr6/libgcc.a(_muluhisi3.o)
 .text.libgcc.mul
                0x00011d78       0xa0 /usr/local/CrossPack-AVR-20131216/lib/gcc/avr/4.8.1/avr6/libgcc.a(_muldi3.o)
                0x00011d78                __muldi3
 .text.libgcc.div
                0x00011e18        0x0 /usr/local/CrossPack-AVR-20131216/lib/gcc/avr/4.8.1/avr6/libgcc.a(_muldi3.o)
 .text.libgcc   0x00011e18        0x0 /usr/local/CrossPack-AVR-20131216/lib/gcc/avr/4.8.1/avr6/libgcc.a(_muldi3.o)
 .text.libgcc.prologue
                0x00011e18        0x0 /usr/local/CrossPack-AVR-20131216/lib/gcc/avr/4.8.1/avr6/libgcc.a(_muldi3.o)
 .text.libgcc.builtins
                0x00011e18        0x0 /usr/local/CrossPack-AVR-20131216/lib/gcc/avr/4.8.1/avr6/libgcc.a(_muldi3.o)
 .text.libgcc.fmul
                0x00011e18        0x0 /usr/local/CrossPack-AVR-20131216/lib/gcc/avr/4.8.1/avr6/libgcc.a(_muldi3.o)
 .text.libgcc.fixed
                0x00011e18        0x0 /usr/local/CrossPack-AVR-20131216/lib/gcc/avr/4.8.1/avr6/libgcc.a(_muldi3.o)
 .text.libgcc.mul
                0x00011e18       0x12 /usr/local/CrossPack-AVR-20131216/lib/gcc/avr/4.8.1/avr6/libgcc.a(_muldi3_6.o)
                0x00011e18                __muldi3_6
 .text.libgcc.div
                0x00011e2a        0x0 /usr/local/CrossPack-AVR-20131216/lib/gcc/avr/4.8.1/avr6/libgcc.a(_muldi3_6.o)
 .text.libgcc   0x00011e2a        0x0 /usr/local/CrossPack-AVR-20131216/lib/gcc/avr/4.8.1/avr6/libgcc.a(_muldi3_6.o)
 .text.libgcc.prologue
                0x00011e2a        0x0 /usr/local/CrossPack-AVR-20131216/lib/gcc/avr/4.8.1/avr6/libgcc.a(_muldi3_6.o)
 .text.libgcc.builtins
                0x00011e2a        0x0 /usr/local/CrossPack-AVR-20131216/lib/gcc/avr/4.8.1/avr6/libgcc.a(_muldi3_6.o)
 .text.libgcc.fmul
                0x00011e2a        0x0 /usr/local/CrossPack-AVR-20131216/lib/gcc/avr/4.8.1/avr6/libgcc.a(_muldi3_6.o)
 .text.libgcc.fixed
                0x00011e2a        0x0 /usr/local/CrossPack-AVR-20131216/lib/gcc/avr/4.8.1/avr6/libgcc.a(_muldi3_6.o)
 .text.libgcc.mul
                0x00011e2a        0x0 /usr/local/CrossPack-AVR-20131216/lib/gcc/avr/4.8.1/avr6/libgcc.a(_divdi3.o)
 .text.libgcc.div
                0x00011e2a       0x62 /usr/local/CrossPack-AVR-20131216/lib/gcc/avr/4.8.1/avr6/libgcc.a(_divdi3.o)
                0x00011e2a                __moddi3
                0x00011e2e                __divdi3
                0x00011e30                __divdi3_moddi3
 .text.libgcc   0x00011e8c        0x0 /usr/local/CrossPack-AVR-20131216/lib/gcc/avr/4.8.1/avr6/libgcc.a(_divdi3.o)
 .text.libgcc.prologue
                0x00011e8c        0x0 /usr/local/CrossPack-AVR-20131216/lib/gcc/avr/4.8.1/avr6/libgcc.a(_divdi3.o)
 .text.libgcc.builtins
                0x00011e8c        0x0 /usr/local/CrossPack-AVR-20131216/lib/gcc/avr/4.8.1/avr6/libgcc.a(_divdi3.o)
 .text.libgcc.fmul
                0x00011e8c        0x0 /usr/local/CrossPack-AVR-20131216/lib/gcc/avr/4.8.1/avr6/libgcc.a(_divdi3.o)
 .text.libgcc.fixed
                0x00011e8c        0x0 /usr/local/CrossPack-AVR-20131216/lib/gcc/avr/4.8.1/avr6/libgcc.a(_divdi3.o)
 .text.libgcc.mul
                0x00011e8c        0x0 /usr/local/CrossPack-AVR-20131216/lib/gcc/avr/4.8.1/avr6/libgcc.a(_udivdi3.o)
 .text.libgcc.div
                0x00011e8c       0x1c /usr/local/CrossPack-AVR-20131216/lib/gcc/avr/4.8.1/avr6/libgcc.a(_udivdi3.o)
                0x00011e8c                __umoddi3
                0x00011e90                __udivdi3
                0x00011e92                __udivdi3_umoddi3
 .text.libgcc   0x00011ea8        0x0 /usr/local/CrossPack-AVR-20131216/lib/gcc/avr/4.8.1/avr6/libgcc.a(_udivdi3.o)
 .text.libgcc.prologue
                0x00011ea8        0x0 /usr/local/CrossPack-AVR-20131216/lib/gcc/avr/4.8.1/avr6/libgcc.a(_udivdi3.o)
 .text.libgcc.builtins
                0x00011ea8        0x0 /usr/local/CrossPack-AVR-20131216/lib/gcc/avr/4.8.1/avr6/libgcc.a(_udivdi3.o)
 .text.libgcc.fmul
                0x00011ea8        0x0 /usr/local/CrossPack-AVR-20131216/lib/gcc/avr/4.8.1/avr6/libgcc.a(_udivdi3.o)
 .text.libgcc.fixed
                0x00011ea8        0x0 /usr/local/CrossPack-AVR-20131216/lib/gcc/avr/4.8.1/avr6/libgcc.a(_udivdi3.o)
 .text.libgcc.mul
                0x00011ea8        0x0 /usr/local/CrossPack-AVR-20131216/lib/gcc/avr/4.8.1/avr6/libgcc.a(_udivmod64.o)
 .text.libgcc.div
                0x00011ea8       0xa2 /usr/local/CrossPack-AVR-20131216/lib/gcc/avr/4.8.1/avr6/libgcc.a(_udivmod64.o)
                0x00011ea8                __udivmod64
 .text.libgcc   0x00011f4a        0x0 /usr/local/CrossPack-AVR-20131216/lib/gcc/avr/4.8.1/avr6/libgcc.a(_udivmod64.o)
 .text.libgcc.prologue
                0x00011f4a        0x0 /usr/local/CrossPack-AVR-20131216/lib/gcc/avr/4.8.1/avr6/libgcc.a(_udivmod64.o)
 .text.libgcc.builtins
                0x00011f4a        0x0 /usr/local/CrossPack-AVR-20131216/lib/gcc/avr/4.8.1/avr6/libgcc.a(_udivmod64.o)
 .text.libgcc.fmul
                0x00011f4a        0x0 /usr/local/CrossPack-AVR-20131216/lib/gcc/avr/4.8.1/avr6/libgcc.a(_udivmod64.o)
 .text.libgcc.fixed
                0x00011f4a        0x0 /usr/local/CrossPack-AVR-20131216/lib/gcc/avr/4.8.1/avr6/libgcc.a(_udivmod64.o)
 .text.libgcc.mul
                0x00011f4a        0x0 /usr/local/CrossPack-AVR-20131216/lib/gcc/avr/4.8.1/avr6/libgcc.a(_negdi2.o)
 .text.libgcc.div
                0x00011f4a        0x0 /usr/local/CrossPack-AVR-20131216/lib/gcc/avr/4.8.1/avr6/libgcc.a(_negdi2.o)
 .text.libgcc   0x00011f4a       0x20 /usr/local/CrossPack-AVR-20131216/lib/gcc/avr/4.8.1/avr6/libgcc.a(_negdi2.o)
                0x00011f4a                __negdi2
 .text.libgcc.prologue
                0x00011f6a        0x0 /usr/local/CrossPack-AVR-20131216/lib/gcc/avr/4.8.1/avr6/libgcc.a(_negdi2.o)
 .text.libgcc.builtins
                0x00011f6a        0x0 /usr/local/CrossPack-AVR-20131216/lib/gcc/avr/4.8.1/avr6/libgcc.a(_negdi2.o)
 .text.libgcc.fmul
                0x00011f6a        0x0 /usr/local/CrossPack-AVR-20131216/lib/gcc/avr/4.8.1/avr6/libgcc.a(_negdi2.o)
 .text.libgcc.fixed
                0x00011f6a        0x0 /usr/local/CrossPack-AVR-20131216/lib/gcc/avr/4.8.1/avr6/libgcc.a(_negdi2.o)
 .text.libgcc.mul
                0x00011f6a        0x0 /usr/local/CrossPack-AVR-20131216/lib/gcc/avr/4.8.1/avr6/libgcc.a(_prologue.o)
 .text.libgcc.div
                0x00011f6a        0x0 /usr/local/CrossPack-AVR-20131216/lib/gcc/avr/4.8.1/avr6/libgcc.a(_prologue.o)
 .text.libgcc   0x00011f6a        0x0 /usr/local/CrossPack-AVR-20131216/lib/gcc/avr/4.8.1/avr6/libgcc.a(_prologue.o)
 .text.libgcc.prologue
                0x00011f6a       0x38 /usr/local/CrossPack-AVR-20131216/lib/gcc/avr/4.8.1/avr6/libgcc.a(_prologue.o)
                0x00011f6a                __prologue_saves__
 .text.libgcc.builtins
                0x00011fa2        0x0 /usr/local/CrossPack-AVR-20131216/lib/gcc/avr/4.8.1/avr6/libgcc.a(_prologue.o)
 .text.libgcc.fmul
                0x00011fa2        0x0 /usr/local/CrossPack-AVR-20131216/lib/gcc/avr/4.8.1/avr6/libgcc.a(_prologue.o)
 .text.libgcc.fixed
                0x00011fa2        0x0 /usr/local/CrossPack-AVR-20131216/lib/gcc/avr/4.8.1/avr6/libgcc.a(_prologue.o)
 .text.libgcc.mul
                0x00011fa2        0x0 /usr/local/CrossPack-AVR-20131216/lib/gcc/avr/4.8.1/avr6/libgcc.a(_epilogue.o)
 .text.libgcc.div
                0x00011fa2        0x0 /usr/local/CrossPack-AVR-20131216/lib/gcc/avr/4.8.1/avr6/libgcc.a(_epilogue.o)
 .text.libgcc   0x00011fa2        0x0 /usr/local/CrossPack-AVR-20131216/lib/gcc/avr/4.8.1/avr6/libgcc.a(_epilogue.o)
 .text.libgcc.prologue
                0x00011fa2       0x36 /usr/local/CrossPack-AVR-20131216/lib/gcc/avr/4.8.1/avr6/libgcc.a(_epilogue.o)
                0x00011fa2                __epilogue_restores__
 .text.libgcc.builtins
                0x00011fd8        0x0 /usr/local/CrossPack-AVR-20131216/lib/gcc/avr/4.8.1/avr6/libgcc.a(_epilogue.o)
 .text.libgcc.fmul
                0x00011fd8        0x0 /usr/local/CrossPack-AVR-20131216/lib/gcc/avr/4.8.1/avr6/libgcc.a(_epilogue.o)
 .text.libgcc.fixed
                0x00011fd8        0x0 /usr/local/CrossPack-AVR-20131216/lib/gcc/avr/4.8.1/avr6/libgcc.a(_epilogue.o)
 .text.libgcc.mul
                0x00011fd8        0x0 /usr/local/CrossPack-AVR-20131216/lib/gcc/avr/4.8.1/avr6/libgcc.a(_ashldi3.o)
 .text.libgcc.div
                0x00011fd8        0x0 /usr/local/CrossPack-AVR-20131216/lib/gcc/avr/4.8.1/avr6/libgcc.a(_ashldi3.o)
 .text.libgcc   0x00011fd8        0x0 /usr/local/CrossPack-AVR-20131216/lib/gcc/avr/4.8.1/avr6/libgcc.a(_ashldi3.o)
 .text.libgcc.prologue
                0x00011fd8        0x0 /usr/local/CrossPack-AVR-20131216/lib/gcc/avr/4.8.1/avr6/libgcc.a(_ashldi3.o)
 .text.libgcc.builtins
                0x00011fd8       0x32 /usr/local/CrossPack-AVR-20131216/lib/gcc/avr/4.8.1/avr6/libgcc.a(_ashldi3.o)
                0x00011fd8                __ashldi3
 .text.libgcc.fmul
                0x0001200a        0x0 /usr/local/CrossPack-AVR-20131216/lib/gcc/avr/4.8.1/avr6/libgcc.a(_ashldi3.o)
 .text.libgcc.fixed
                0x0001200a        0x0 /usr/local/CrossPack-AVR-20131216/lib/gcc/avr/4.8.1/avr6/libgcc.a(_ashldi3.o)
 .text.libgcc.mul
                0x0001200a        0x0 /usr/local/CrossPack-AVR-20131216/lib/gcc/avr/4.8.1/avr6/libgcc.a(_ashrdi3.o)
 .text.libgcc.div
                0x0001200a        0x0 /usr/local/CrossPack-AVR-20131216/lib/gcc/avr/4.8.1/avr6/libgcc.a(_ashrdi3.o)
 .text.libgcc   0x0001200a        0x0 /usr/local/CrossPack-AVR-20131216/lib/gcc/avr/4.8.1/avr6/libgcc.a(_ashrdi3.o)
 .text.libgcc.prologue
                0x0001200a        0x0 /usr/local/CrossPack-AVR-20131216/lib/gcc/avr/4.8.1/avr6/libgcc.a(_ashrdi3.o)
 .text.libgcc.builtins
                0x0001200a       0x3c /usr/local/CrossPack-AVR-20131216/lib/gcc/avr/4.8.1/avr6/libgcc.a(_ashrdi3.o)
                0x0001200a                __ashrdi3
                0x0001200e                __lshrdi3
 .text.libgcc.fmul
                0x00012046        0x0 /usr/local/CrossPack-AVR-20131216/lib/gcc/avr/4.8.1/avr6/libgcc.a(_ashrdi3.o)
 .text.libgcc.fixed
                0x00012046        0x0 /usr/local/CrossPack-AVR-20131216/lib/gcc/avr/4.8.1/avr6/libgcc.a(_ashrdi3.o)
 .text.libgcc.mul
                0x00012046        0x0 /usr/local/CrossPack-AVR-20131216/lib/gcc/avr/4.8.1/avr6/libgcc.a(_adddi3.o)
 .text.libgcc.div
                0x00012046        0x0 /usr/local/CrossPack-AVR-20131216/lib/gcc/avr/4.8.1/avr6/libgcc.a(_adddi3.o)
 .text.libgcc   0x00012046       0x12 /usr/local/CrossPack-AVR-20131216/lib/gcc/avr/4.8.1/avr6/libgcc.a(_adddi3.o)
                0x00012046                __adddi3
 .text.libgcc.prologue
                0x00012058        0x0 /usr/local/CrossPack-AVR-20131216/lib/gcc/avr/4.8.1/avr6/libgcc.a(_adddi3.o)
 .text.libgcc.builtins
                0x00012058        0x0 /usr/local/CrossPack-AVR-20131216/lib/gcc/avr/4.8.1/avr6/libgcc.a(_adddi3.o)
 .text.libgcc.fmul
                0x00012058        0x0 /usr/local/CrossPack-AVR-20131216/lib/gcc/avr/4.8.1/avr6/libgcc.a(_adddi3.o)
 .text.libgcc.fixed
                0x00012058        0x0 /usr/local/CrossPack-AVR-20131216/lib/gcc/avr/4.8.1/avr6/libgcc.a(_adddi3.o)
 .text.libgcc.mul
                0x00012058        0x0 /usr/local/CrossPack-AVR-20131216/lib/gcc/avr/4.8.1/avr6/libgcc.a(_subdi3.o)
 .text.libgcc.div
                0x00012058        0x0 /usr/local/CrossPack-AVR-20131216/lib/gcc/avr/4.8.1/avr6/libgcc.a(_subdi3.o)
 .text.libgcc   0x00012058       0x12 /usr/local/CrossPack-AVR-20131216/lib/gcc/avr/4.8.1/avr6/libgcc.a(_subdi3.o)
                0x00012058                __subdi3
 .text.libgcc.prologue
                0x0001206a        0x0 /usr/local/CrossPack-AVR-20131216/lib/gcc/avr/4.8.1/avr6/libgcc.a(_subdi3.o)
 .text.libgcc.builtins
                0x0001206a        0x0 /usr/local/CrossPack-AVR-20131216/lib/gcc/avr/4.8.1/avr6/libgcc.a(_subdi3.o)
 .text.libgcc.fmul
                0x0001206a        0x0 /usr/local/CrossPack-AVR-20131216/lib/gcc/avr/4.8.1/avr6/libgcc.a(_subdi3.o)
 .text.libgcc.fixed
                0x0001206a        0x0 /usr/local/CrossPack-AVR-20131216/lib/gcc/avr/4.8.1/avr6/libgcc.a(_subdi3.o)
 .text.libgcc.mul
                0x0001206a        0x0 /usr/local/CrossPack-AVR-20131216/lib/gcc/avr/4.8.1/avr6/libgcc.a(_cmpdi2.o)
 .text.libgcc.div
                0x0001206a        0x0 /usr/local/CrossPack-AVR-20131216/lib/gcc/avr/4.8.1/avr6/libgcc.a(_cmpdi2.o)
 .text.libgcc   0x0001206a       0x12 /usr/local/CrossPack-AVR-20131216/lib/gcc/avr/4.8.1/avr6/libgcc.a(_cmpdi2.o)
                0x0001206a                __cmpdi2
 .text.libgcc.prologue
                0x0001207c        0x0 /usr/local/CrossPack-AVR-20131216/lib/gcc/avr/4.8.1/avr6/libgcc.a(_cmpdi2.o)
 .text.libgcc.builtins
                0x0001207c        0x0 /usr/local/CrossPack-AVR-20131216/lib/gcc/avr/4.8.1/avr6/libgcc.a(_cmpdi2.o)
 .text.libgcc.fmul
                0x0001207c        0x0 /usr/local/CrossPack-AVR-20131216/lib/gcc/avr/4.8.1/avr6/libgcc.a(_cmpdi2.o)
 .text.libgcc.fixed
                0x0001207c        0x0 /usr/local/CrossPack-AVR-20131216/lib/gcc/avr/4.8.1/avr6/libgcc.a(_cmpdi2.o)
 .text.libgcc.mul
                0x0001207c        0x0 /usr/local/CrossPack-AVR-20131216/lib/gcc/avr/4.8.1/avr6/libgcc.a(_cmpdi2_s8.o)
 .text.libgcc.div
                0x0001207c        0x0 /usr/local/CrossPack-AVR-20131216/lib/gcc/avr/4.8.1/avr6/libgcc.a(_cmpdi2_s8.o)
 .text.libgcc   0x0001207c       0x18 /usr/local/CrossPack-AVR-20131216/lib/gcc/avr/4.8.1/avr6/libgcc.a(_cmpdi2_s8.o)
                0x0001207c                __cmpdi2_s8
 .text.libgcc.prologue
                0x00012094        0x0 /usr/local/CrossPack-AVR-20131216/lib/gcc/avr/4.8.1/avr6/libgcc.a(_cmpdi2_s8.o)
 .text.libgcc.builtins
                0x00012094        0x0 /usr/local/CrossPack-AVR-20131216/lib/gcc/avr/4.8.1/avr6/libgcc.a(_cmpdi2_s8.o)
 .text.libgcc.fmul
                0x00012094        0x0 /usr/local/CrossPack-AVR-20131216/lib/gcc/avr/4.8.1/avr6/libgcc.a(_cmpdi2_s8.o)
 .text.libgcc.fixed
                0x00012094        0x0 /usr/local/CrossPack-AVR-20131216/lib/gcc/avr/4.8.1/avr6/libgcc.a(_cmpdi2_s8.o)
 .text.libgcc.mul
                0x00012094       0x1e /usr/local/CrossPack-AVR-20131216/lib/gcc/avr/4.8.1/avr6/libgcc.a(_umulhisi3.o)
                0x00012094                __umulhisi3
 .text.libgcc.div
                0x000120b2        0x0 /usr/local/CrossPack-AVR-20131216/lib/gcc/avr/4.8.1/avr6/libgcc.a(_umulhisi3.o)
 .text.libgcc   0x000120b2        0x0 /usr/local/CrossPack-AVR-20131216/lib/gcc/avr/4.8.1/avr6/libgcc.a(_umulhisi3.o)
 .text.libgcc.prologue
                0x000120b2        0x0 /usr/local/CrossPack-AVR-20131216/lib/gcc/avr/4.8.1/avr6/libgcc.a(_umulhisi3.o)
 .text.libgcc.builtins
                0x000120b2        0x0 /usr/local/CrossPack-AVR-20131216/lib/gcc/avr/4.8.1/avr6/libgcc.a(_umulhisi3.o)
 .text.libgcc.fmul
                0x000120b2        0x0 /usr/local/CrossPack-AVR-20131216/lib/gcc/avr/4.8.1/avr6/libgcc.a(_umulhisi3.o)
 .text.libgcc.fixed
                0x000120b2        0x0 /usr/local/CrossPack-AVR-20131216/lib/gcc/avr/4.8.1/avr6/libgcc.a(_umulhisi3.o)
 .text.avr-libc.fplib
                0x000120b2        0xa /usr/local/CrossPack-AVR-20131216/lib/gcc/avr/4.8.1/../../../../avr/lib/avr6/libm.a(addsf3.o)
                0x000120b2                __subsf3
                0x000120b4                __addsf3
 .text.avr-libc.fplib
                0x000120bc       0xc0 /usr/local/CrossPack-AVR-20131216/lib/gcc/avr/4.8.1/../../../../avr/lib/avr6/libm.a(addsf3x.o)
                0x000120d6                __addsf3x
 .text.avr-libc.fplib
                0x0001217c        0x4 /usr/local/CrossPack-AVR-20131216/lib/gcc/avr/4.8.1/../../../../avr/lib/avr6/libm.a(divsf3.o)
                0x0001217c                __divsf3
 .text.avr-libc.fplib
                0x00012180       0xcc /usr/local/CrossPack-AVR-20131216/lib/gcc/avr/4.8.1/../../../../avr/lib/avr6/libm.a(divsf3x.o)
                0x00012196                __divsf3x
                0x0001219a                __divsf3_pse
 .text.avr-libc.fplib
                0x0001224c        0xa /usr/local/CrossPack-AVR-20131216/lib/gcc/avr/4.8.1/../../../../avr/lib/avr6/libm.a(fixsfsi.o)
                0x0001224c                __fixsfsi
 .text.avr-libc.fplib
                0x00012256       0x58 /usr/local/CrossPack-AVR-20131216/lib/gcc/avr/4.8.1/../../../../avr/lib/avr6/libm.a(fixunssfsi.o)
                0x00012256                __fixunssfsi
 .text.avr-libc.fplib
                0x000122ae       0x7a /usr/local/CrossPack-AVR-20131216/lib/gcc/avr/4.8.1/../../../../avr/lib/avr6/libm.a(floatsisf.o)
                0x000122ae                __floatunsisf
                0x000122b2                __floatsisf
 .text.avr-libc.fplib
                0x00012328        0xc /usr/local/CrossPack-AVR-20131216/lib/gcc/avr/4.8.1/../../../../avr/lib/avr6/libm.a(fp_inf.o)
                0x00012328                __fp_inf
 .text.avr-libc.fplib
                0x00012334        0x6 /usr/local/CrossPack-AVR-20131216/lib/gcc/avr/4.8.1/../../../../avr/lib/avr6/libm.a(fp_nan.o)
                0x00012334                __fp_nan
 .text.avr-libc.fplib
                0x0001233a        0xe /usr/local/CrossPack-AVR-20131216/lib/gcc/avr/4.8.1/../../../../avr/lib/avr6/libm.a(fp_pscA.o)
                0x0001233a                __fp_pscA
 .text.avr-libc.fplib
                0x00012348        0xe /usr/local/CrossPack-AVR-20131216/lib/gcc/avr/4.8.1/../../../../avr/lib/avr6/libm.a(fp_pscB.o)
                0x00012348                __fp_pscB
 .text.avr-libc.fplib
                0x00012356       0x22 /usr/local/CrossPack-AVR-20131216/lib/gcc/avr/4.8.1/../../../../avr/lib/avr6/libm.a(fp_round.o)
                0x00012356                __fp_round
 .text.avr-libc.fplib
                0x00012378       0x44 /usr/local/CrossPack-AVR-20131216/lib/gcc/avr/4.8.1/../../../../avr/lib/avr6/libm.a(fp_split3.o)
                0x00012378                __fp_split3
                0x00012388                __fp_splitA
 .text.avr-libc.fplib
                0x000123bc        0xe /usr/local/CrossPack-AVR-20131216/lib/gcc/avr/4.8.1/../../../../avr/lib/avr6/libm.a(fp_zero.o)
                0x000123bc                __fp_zero
                0x000123be                __fp_szero
 .text.avr-libc.fplib
                0x000123ca        0x4 /usr/local/CrossPack-AVR-20131216/lib/gcc/avr/4.8.1/../../../../avr/lib/avr6/libm.a(mulsf3.o)
                0x000123ca                __mulsf3
 .text.avr-libc.fplib
                0x000123ce       0xc2 /usr/local/CrossPack-AVR-20131216/lib/gcc/avr/4.8.1/../../../../avr/lib/avr6/libm.a(mulsf3x.o)
                0x000123e2                __mulsf3x
                0x000123e6                __mulsf3_pse
 .text.avr-libc.fplib
                0x00012490       0x98 /usr/local/CrossPack-AVR-20131216/lib/gcc/avr/4.8.1/../../../../avr/lib/avr6/libm.a(pow.o)
                0x00012490                pow
 .text.avr-libc.fplib
                0x00012528       0x62 /usr/local/CrossPack-AVR-20131216/lib/gcc/avr/4.8.1/../../../../avr/lib/avr6/libm.a(exp.o)
                0x00012532                exp
 .text.avr-libc.fplib
                0x0001258a       0x4a /usr/local/CrossPack-AVR-20131216/lib/gcc/avr/4.8.1/../../../../avr/lib/avr6/libm.a(fp_powser.o)
                0x0001258a                __fp_powser
 .text.avr-libc.fplib
                0x000125d4        0xe /usr/local/CrossPack-AVR-20131216/lib/gcc/avr/4.8.1/../../../../avr/lib/avr6/libm.a(inverse.o)
                0x000125d4                inverse
 .text.avr-libc.fplib
                0x000125e2       0x6c /usr/local/CrossPack-AVR-20131216/lib/gcc/avr/4.8.1/../../../../avr/lib/avr6/libm.a(ldexp.o)
                0x000125e6                ldexp
 .text.avr-libc.fplib
                0x0001264e       0x8a /usr/local/CrossPack-AVR-20131216/lib/gcc/avr/4.8.1/../../../../avr/lib/avr6/libm.a(log.o)
                0x00012658                log
 .text.avr-libc.fplib
                0x000126d8       0x66 /usr/local/CrossPack-AVR-20131216/lib/gcc/avr/4.8.1/../../../../avr/lib/avr6/libm.a(modf.o)
                0x000126d8                modff
                0x000126d8                modf
 .text.avr-libc.fplib
                0x0001273e       0x1c /usr/local/CrossPack-AVR-20131216/lib/gcc/avr/4.8.1/../../../../avr/lib/avr6/libm.a(fp_mpack.o)
                0x0001273e                __fp_mpack
                0x00012742                __fp_mpack_finite
 .text.avr-libc
                0x0001275a       0x12 /usr/local/CrossPack-AVR-20131216/lib/gcc/avr/4.8.1/../../../../avr/lib/avr6/libc.a(memcpy.o)
                0x0001275a                memcpy
 .text.avr-libc
                0x0001276c       0x24 /usr/local/CrossPack-AVR-20131216/lib/gcc/avr/4.8.1/../../../../avr/lib/avr6/libc.a(memmove.o)
                0x0001276c                memmove
 .text.avr-libc
                0x00012790        0xe /usr/local/CrossPack-AVR-20131216/lib/gcc/avr/4.8.1/../../../../avr/lib/avr6/libc.a(memset.o)
                0x00012790                memset
 .text.avr-libc
                0x0001279e       0x7a /usr/local/CrossPack-AVR-20131216/lib/gcc/avr/4.8.1/../../../../avr/lib/avr6/libc.a(snprintf.o)
                0x0001279e                snprintf
 .text.avr-libc
                0x00012818       0x72 /usr/local/CrossPack-AVR-20131216/lib/gcc/avr/4.8.1/../../../../avr/lib/avr6/libc.a(vsnprintf.o)
                0x00012818                vsnprintf
 .text.avr-libc
                0x0001288a      0x3f6 /usr/local/CrossPack-AVR-20131216/lib/gcc/avr/4.8.1/../../../../avr/lib/avr6/libc.a(vfprintf_std.o)
                0x0001288a                vfprintf
 .text.avr-libc
                0x00012c80       0x20 /usr/local/CrossPack-AVR-20131216/lib/gcc/avr/4.8.1/../../../../avr/lib/avr6/libc.a(eerd_block_atmega2560.o)
                0x00012c80                __eerd_block_m2560
                0x00012c84                __eerd_blraw_m2560
 .text.avr-libc
                0x00012ca0       0x10 /usr/local/CrossPack-AVR-20131216/lib/gcc/avr/4.8.1/../../../../avr/lib/avr6/libc.a(eerd_byte_atmega2560.o)
                0x00012ca0                __eerd_byte_m2560
 .text.avr-libc
                0x00012cb0        0xc /usr/local/CrossPack-AVR-20131216/lib/gcc/avr/4.8.1/../../../../avr/lib/avr6/libc.a(eerd_word_atmega2560.o)
                0x00012cb0                __eerd_word_m2560
 .text.avr-libc
                0x00012cbc       0x20 /usr/local/CrossPack-AVR-20131216/lib/gcc/avr/4.8.1/../../../../avr/lib/avr6/libc.a(eeupd_block_atmega2560.o)
                0x00012cbc                __eeupd_block_m2560
 .text.avr-libc
                0x00012cdc       0x24 /usr/local/CrossPack-AVR-20131216/lib/gcc/avr/4.8.1/../../../../avr/lib/avr6/libc.a(eeupd_byte_atmega2560.o)
                0x00012cdc                __eeupd_byte_m2560
                0x00012cde                __eeupd_r18_m2560
 .text.avr-libc
                0x00012d00        0xc /usr/local/CrossPack-AVR-20131216/lib/gcc/avr/4.8.1/../../../../avr/lib/avr6/libc.a(eeupd_word_atmega2560.o)
                0x00012d00                __eeupd_word_m2560
 .text.avr-libc
                0x00012d0c       0x16 /usr/local/CrossPack-AVR-20131216/lib/gcc/avr/4.8.1/../../../../avr/lib/avr6/libc.a(strnlen_P.o)
                0x00012d0c                strnlen_P
 .text.avr-libc
                0x00012d22       0x16 /usr/local/CrossPack-AVR-20131216/lib/gcc/avr/4.8.1/../../../../avr/lib/avr6/libc.a(strnlen.o)
                0x00012d22                strnlen
 .text.avr-libc
                0x00012d38       0x64 /usr/local/CrossPack-AVR-20131216/lib/gcc/avr/4.8.1/../../../../avr/lib/avr6/libc.a(fputc.o)
                0x00012d38                fputc
 .text.avr-libc
                0x00012d9c       0xbc /usr/local/CrossPack-AVR-20131216/lib/gcc/avr/4.8.1/../../../../avr/lib/avr6/libc.a(ultoa_invert.o)
                0x00012d9c                __ultoa_invert
                0x00012e58                . = ALIGN (0x2)
 *(.fini9)
 .fini9         0x00012e58        0x0 /usr/local/CrossPack-AVR-20131216/lib/gcc/avr/4.8.1/avr6/libgcc.a(_exit.o)
                0x00012e58                exit
                0x00012e58                _exit
 *(.fini9)
 *(.fini8)
 *(.fini8)
 *(.fini7)
 *(.fini7)
 *(.fini6)
 *(.fini6)
 *(.fini5)
 *(.fini5)
 *(.fini4)
 *(.fini4)
 *(.fini3)
 *(.fini3)
 *(.fini2)
 *(.fini2)
 *(.fini1)
 *(.fini1)
 *(.fini0)
 .fini0         0x00012e58        0x4 /usr/local/CrossPack-AVR-20131216/lib/gcc/avr/4.8.1/avr6/libgcc.a(_exit.o)
 *(.fini0)
                0x00012e5c                _etext = .

.data           0x00800200      0x894 load address 0x00012e5c
                0x00800200                PROVIDE (__data_start, .)
 *(.data)
 .data          0x00800200        0x0 /usr/local/CrossPack-AVR-20131216/lib/gcc/avr/4.8.1/../../../../avr/lib/avr6/crtm2560.o
 .data          0x00800200        0x0 darjeeling.a(main.o)
 .data          0x00800200        0x0 darjeeling.a(avr.o)
 .data          0x00800200        0x0 darjeeling.a(core.o)
 .data          0x00800200        0x0 darjeeling.a(debug.o)
 .data          0x00800200        0x0 darjeeling.a(djarchive.o)
 .data          0x00800200        0x0 darjeeling.a(djtimer.o)
 .data          0x00800200        0x0 darjeeling.a(heap.o)
 .data          0x00800200        0x0 darjeeling.a(hooks.o)
 .data          0x00800200        0x0 darjeeling.a(panic.o)
 .data          0x00800200        0x0 darjeeling.a(vm.o)
 .data          0x00800200        0x0 darjeeling.a(vm_gc.o)
 .data          0x00800200        0x0 darjeeling.a(vmthread.o)
 .data          0x00800200        0x0 darjeeling.a(app_infusions.o)
 .data          0x00800200        0x0 darjeeling.a(lib_infusions.o)
 .data          0x00800200        0xd darjeeling.a(GENERATEDlibinit.o)
                0x00800200                java_library_native_handlers_length
                0x00800201                java_library_native_handlers
 .data          0x0080020d        0x0 darjeeling.a(array.o)
 .data          0x0080020d        0x0 darjeeling.a(base_init.o)
 .data          0x0080020d        0x0 darjeeling.a(darjeeling3_init.o)
 .data          0x0080020d        0x0 darjeeling.a(execution.o)
 .data          0x0080020d        0x0 darjeeling.a(global_id.o)
 .data          0x0080020d        0x0 darjeeling.a(infusion.o)
 .data          0x0080020d        0x0 darjeeling.a(jlib_base.o)
 .data          0x0080020d        0x0 darjeeling.a(jlib_darjeeling3.o)
 .data          0x0080020d        0x0 darjeeling.a(jlib_wkpf_virtual.o)
 .data          0x0080020d        0x0 darjeeling.a(jstring.o)
 .data          0x0080020d        0x0 darjeeling.a(object.o)
 .data          0x0080020d        0x0 darjeeling.a(uart_init.o)
 .data          0x0080020d        0x0 darjeeling.a(util.o)
 .data          0x0080020d        0x0 darjeeling.a(vm_init.o)
 .data          0x0080020d        0x0 darjeeling.a(wkcomm_init.o)
 .data          0x0080020d        0x0 darjeeling.a(wkpf_init.o)
 .data          0x0080020d        0x0 darjeeling.a(wkpf_virtual_init.o)
 .data          0x0080020d        0x0 darjeeling.a(wkreprog_init.o)
 .data          0x0080020d        0x0 darjeeling.a(GENERATEDnative_wuclasses.o)
 .data          0x0080020d        0xd darjeeling.a(GENERATEDwuclass_ir_sensor.o)
                0x0080020d                wuclass_ir_sensor
 .data          0x0080021a       0x10 darjeeling.a(GENERATEDwuclass_led.o)
                0x0080021a                wuclass_led
 .data          0x0080022a        0xe darjeeling.a(GENERATEDwuclass_magnetic_sensor.o)
                0x0080022a                wuclass_magnetic_sensor
 .data          0x00800238        0xe darjeeling.a(GENERATEDwuclass_or_gate.o)
                0x00800238                wuclass_or_gate
 .data          0x00800246        0xd darjeeling.a(GENERATEDwuclass_pir_sensor.o)
                0x00800246                wuclass_pir_sensor
 .data          0x00800253        0xd darjeeling.a(GENERATEDwuclass_ultrasound_sensor.o)
                0x00800253                wuclass_ultrasound_sensor
 .data          0x00800260        0x0 darjeeling.a(java_lang_Object.o)
 .data          0x00800260        0x0 darjeeling.a(java_lang_Runtime.o)
 .data          0x00800260        0x0 darjeeling.a(java_lang_System.o)
 .data          0x00800260        0x0 darjeeling.a(java_lang_Thread.o)
 .data          0x00800260        0x0 darjeeling.a(javax_darjeeling_Darjeeling.o)
 .data          0x00800260        0x0 darjeeling.a(javax_darjeeling_vm_Infusion.o)
 .data          0x00800260        0x0 darjeeling.a(javax_wukong_wkpf_WKPF.o)
 .data          0x00800260        0x0 darjeeling.a(routing_none.o)
 .data          0x00800260        0x0 darjeeling.a(wkcomm.o)
 .data          0x00800260        0x0 darjeeling.a(wkpf_comm.o)
 .data          0x00800260        0x0 darjeeling.a(wkpf_config.o)
 .data          0x00800260        0x0 darjeeling.a(wkpf_gc.o)
 .data          0x00800260       0x29 darjeeling.a(wkpf_links.o)
                0x00800260                wkpf_token_src_component
                0x0080026a                wkpf_token_dest_component
                0x00800274                wkpf_token_setter_link
                0x0080027e                wkpf_token_id
                0x00800288                stable_state
 .data          0x00800289        0x0 darjeeling.a(wkpf_main.o)
 .data          0x00800289        0x0 darjeeling.a(wkpf_properties.o)
 .data          0x00800289        0x0 darjeeling.a(wkpf_virtual_wuclasses.o)
 .data          0x00800289        0x0 darjeeling.a(wkpf_wuclasses.o)
 .data          0x00800289        0x0 darjeeling.a(wkpf_wuobjects.o)
 .data          0x00800289        0x0 darjeeling.a(wkreprog.o)
 .data          0x00800289        0x0 darjeeling.a(wkreprog_comm.o)
 .data          0x00800289        0x0 darjeeling.a(wkreprog_impl.o)
 .data          0x00800289        0x0 darjeeling.a(wuclass_LED_update.o)
 .data          0x00800289        0x0 darjeeling.a(wuclass_ir_sensor_update.o)
 .data          0x00800289        0x0 darjeeling.a(wuclass_magnetic_sensor_update.o)
 .data          0x00800289        0x0 darjeeling.a(wuclass_or_gate_update.o)
 .data          0x00800289        0x0 darjeeling.a(wuclass_pir_sensor.o)
 .data          0x00800289        0x0 darjeeling.a(wuclass_ultrasound_sensor_update.o)
 .data          0x00800289        0x2 darjeeling.a(radio_zwave.o)
                0x00800289                wait_RF_ready
                0x0080028a                wait_CAN_NAK
 .data          0x0080028b        0x0 darjeeling.a(radio_zwave_platform_dependent.o)
 .data          0x0080028b       0x44 darjeeling.a(uart.o)
                0x0080028b                XCKn
                0x0080028f                XCKDDR
                0x00800297                UBRR
                0x0080029f                UDR
                0x008002a7                UCSRC
                0x008002af                UCSRB
                0x008002b7                UCSRA
                0x008002bf                UBRRL
                0x008002c7                UBRRH
 .data          0x008002cf        0x0 /usr/local/CrossPack-AVR-20131216/lib/gcc/avr/4.8.1/avr6/libgcc.a(_mulsi3.o)
 .data          0x008002cf        0x0 /usr/local/CrossPack-AVR-20131216/lib/gcc/avr/4.8.1/avr6/libgcc.a(_udivmodhi4.o)
 .data          0x008002cf        0x0 /usr/local/CrossPack-AVR-20131216/lib/gcc/avr/4.8.1/avr6/libgcc.a(_udivmodsi4.o)
 .data          0x008002cf        0x0 /usr/local/CrossPack-AVR-20131216/lib/gcc/avr/4.8.1/avr6/libgcc.a(_divmodsi4.o)
 .data          0x008002cf        0x0 /usr/local/CrossPack-AVR-20131216/lib/gcc/avr/4.8.1/avr6/libgcc.a(_negsi2.o)
 .data          0x008002cf        0x0 /usr/local/CrossPack-AVR-20131216/lib/gcc/avr/4.8.1/avr6/libgcc.a(_exit.o)
 .data          0x008002cf        0x0 /usr/local/CrossPack-AVR-20131216/lib/gcc/avr/4.8.1/avr6/libgcc.a(_tablejump.o)
 .data          0x008002cf        0x0 /usr/local/CrossPack-AVR-20131216/lib/gcc/avr/4.8.1/avr6/libgcc.a(_copy_data.o)
 .data          0x008002cf        0x0 /usr/local/CrossPack-AVR-20131216/lib/gcc/avr/4.8.1/avr6/libgcc.a(_clear_bss.o)
 .data          0x008002cf        0x0 /usr/local/CrossPack-AVR-20131216/lib/gcc/avr/4.8.1/avr6/libgcc.a(_muluhisi3.o)
 .data          0x008002cf        0x0 /usr/local/CrossPack-AVR-20131216/lib/gcc/avr/4.8.1/avr6/libgcc.a(_muldi3.o)
 .data          0x008002cf        0x0 /usr/local/CrossPack-AVR-20131216/lib/gcc/avr/4.8.1/avr6/libgcc.a(_muldi3_6.o)
 .data          0x008002cf        0x0 /usr/local/CrossPack-AVR-20131216/lib/gcc/avr/4.8.1/avr6/libgcc.a(_divdi3.o)
 .data          0x008002cf        0x0 /usr/local/CrossPack-AVR-20131216/lib/gcc/avr/4.8.1/avr6/libgcc.a(_udivdi3.o)
 .data          0x008002cf        0x0 /usr/local/CrossPack-AVR-20131216/lib/gcc/avr/4.8.1/avr6/libgcc.a(_udivmod64.o)
 .data          0x008002cf        0x0 /usr/local/CrossPack-AVR-20131216/lib/gcc/avr/4.8.1/avr6/libgcc.a(_negdi2.o)
 .data          0x008002cf        0x0 /usr/local/CrossPack-AVR-20131216/lib/gcc/avr/4.8.1/avr6/libgcc.a(_prologue.o)
 .data          0x008002cf        0x0 /usr/local/CrossPack-AVR-20131216/lib/gcc/avr/4.8.1/avr6/libgcc.a(_epilogue.o)
 .data          0x008002cf        0x0 /usr/local/CrossPack-AVR-20131216/lib/gcc/avr/4.8.1/avr6/libgcc.a(_ashldi3.o)
 .data          0x008002cf        0x0 /usr/local/CrossPack-AVR-20131216/lib/gcc/avr/4.8.1/avr6/libgcc.a(_ashrdi3.o)
 .data          0x008002cf        0x0 /usr/local/CrossPack-AVR-20131216/lib/gcc/avr/4.8.1/avr6/libgcc.a(_adddi3.o)
 .data          0x008002cf        0x0 /usr/local/CrossPack-AVR-20131216/lib/gcc/avr/4.8.1/avr6/libgcc.a(_subdi3.o)
 .data          0x008002cf        0x0 /usr/local/CrossPack-AVR-20131216/lib/gcc/avr/4.8.1/avr6/libgcc.a(_cmpdi2.o)
 .data          0x008002cf        0x0 /usr/local/CrossPack-AVR-20131216/lib/gcc/avr/4.8.1/avr6/libgcc.a(_cmpdi2_s8.o)
 .data          0x008002cf        0x0 /usr/local/CrossPack-AVR-20131216/lib/gcc/avr/4.8.1/avr6/libgcc.a(_umulhisi3.o)
 .data          0x008002cf        0x0 /usr/local/CrossPack-AVR-20131216/lib/gcc/avr/4.8.1/../../../../avr/lib/avr6/libm.a(addsf3.o)
 .data          0x008002cf        0x0 /usr/local/CrossPack-AVR-20131216/lib/gcc/avr/4.8.1/../../../../avr/lib/avr6/libm.a(addsf3x.o)
 .data          0x008002cf        0x0 /usr/local/CrossPack-AVR-20131216/lib/gcc/avr/4.8.1/../../../../avr/lib/avr6/libm.a(divsf3.o)
 .data          0x008002cf        0x0 /usr/local/CrossPack-AVR-20131216/lib/gcc/avr/4.8.1/../../../../avr/lib/avr6/libm.a(divsf3x.o)
 .data          0x008002cf        0x0 /usr/local/CrossPack-AVR-20131216/lib/gcc/avr/4.8.1/../../../../avr/lib/avr6/libm.a(fixsfsi.o)
 .data          0x008002cf        0x0 /usr/local/CrossPack-AVR-20131216/lib/gcc/avr/4.8.1/../../../../avr/lib/avr6/libm.a(fixunssfsi.o)
 .data          0x008002cf        0x0 /usr/local/CrossPack-AVR-20131216/lib/gcc/avr/4.8.1/../../../../avr/lib/avr6/libm.a(floatsisf.o)
 .data          0x008002cf        0x0 /usr/local/CrossPack-AVR-20131216/lib/gcc/avr/4.8.1/../../../../avr/lib/avr6/libm.a(fp_inf.o)
 .data          0x008002cf        0x0 /usr/local/CrossPack-AVR-20131216/lib/gcc/avr/4.8.1/../../../../avr/lib/avr6/libm.a(fp_nan.o)
 .data          0x008002cf        0x0 /usr/local/CrossPack-AVR-20131216/lib/gcc/avr/4.8.1/../../../../avr/lib/avr6/libm.a(fp_pscA.o)
 .data          0x008002cf        0x0 /usr/local/CrossPack-AVR-20131216/lib/gcc/avr/4.8.1/../../../../avr/lib/avr6/libm.a(fp_pscB.o)
 .data          0x008002cf        0x0 /usr/local/CrossPack-AVR-20131216/lib/gcc/avr/4.8.1/../../../../avr/lib/avr6/libm.a(fp_round.o)
 .data          0x008002cf        0x0 /usr/local/CrossPack-AVR-20131216/lib/gcc/avr/4.8.1/../../../../avr/lib/avr6/libm.a(fp_split3.o)
 .data          0x008002cf        0x0 /usr/local/CrossPack-AVR-20131216/lib/gcc/avr/4.8.1/../../../../avr/lib/avr6/libm.a(fp_zero.o)
 .data          0x008002cf        0x0 /usr/local/CrossPack-AVR-20131216/lib/gcc/avr/4.8.1/../../../../avr/lib/avr6/libm.a(mulsf3.o)
 .data          0x008002cf        0x0 /usr/local/CrossPack-AVR-20131216/lib/gcc/avr/4.8.1/../../../../avr/lib/avr6/libm.a(mulsf3x.o)
 .data          0x008002cf        0x0 /usr/local/CrossPack-AVR-20131216/lib/gcc/avr/4.8.1/../../../../avr/lib/avr6/libm.a(pow.o)
 .data          0x008002cf        0x0 /usr/local/CrossPack-AVR-20131216/lib/gcc/avr/4.8.1/../../../../avr/lib/avr6/libm.a(exp.o)
 .data          0x008002cf        0x0 /usr/local/CrossPack-AVR-20131216/lib/gcc/avr/4.8.1/../../../../avr/lib/avr6/libm.a(fp_powser.o)
 .data          0x008002cf        0x0 /usr/local/CrossPack-AVR-20131216/lib/gcc/avr/4.8.1/../../../../avr/lib/avr6/libm.a(inverse.o)
 .data          0x008002cf        0x0 /usr/local/CrossPack-AVR-20131216/lib/gcc/avr/4.8.1/../../../../avr/lib/avr6/libm.a(ldexp.o)
 .data          0x008002cf        0x0 /usr/local/CrossPack-AVR-20131216/lib/gcc/avr/4.8.1/../../../../avr/lib/avr6/libm.a(log.o)
 .data          0x008002cf        0x0 /usr/local/CrossPack-AVR-20131216/lib/gcc/avr/4.8.1/../../../../avr/lib/avr6/libm.a(modf.o)
 .data          0x008002cf        0x0 /usr/local/CrossPack-AVR-20131216/lib/gcc/avr/4.8.1/../../../../avr/lib/avr6/libm.a(fp_mpack.o)
 .data          0x008002cf        0x0 /usr/local/CrossPack-AVR-20131216/lib/gcc/avr/4.8.1/../../../../avr/lib/avr6/libc.a(memcpy.o)
 .data          0x008002cf        0x0 /usr/local/CrossPack-AVR-20131216/lib/gcc/avr/4.8.1/../../../../avr/lib/avr6/libc.a(memmove.o)
 .data          0x008002cf        0x0 /usr/local/CrossPack-AVR-20131216/lib/gcc/avr/4.8.1/../../../../avr/lib/avr6/libc.a(memset.o)
 .data          0x008002cf        0x0 /usr/local/CrossPack-AVR-20131216/lib/gcc/avr/4.8.1/../../../../avr/lib/avr6/libc.a(snprintf.o)
 .data          0x008002cf        0x0 /usr/local/CrossPack-AVR-20131216/lib/gcc/avr/4.8.1/../../../../avr/lib/avr6/libc.a(vsnprintf.o)
 .data          0x008002cf        0x0 /usr/local/CrossPack-AVR-20131216/lib/gcc/avr/4.8.1/../../../../avr/lib/avr6/libc.a(vfprintf_std.o)
 .data          0x008002cf        0x0 /usr/local/CrossPack-AVR-20131216/lib/gcc/avr/4.8.1/../../../../avr/lib/avr6/libc.a(eerd_block_atmega2560.o)
 .data          0x008002cf        0x0 /usr/local/CrossPack-AVR-20131216/lib/gcc/avr/4.8.1/../../../../avr/lib/avr6/libc.a(eerd_byte_atmega2560.o)
 .data          0x008002cf        0x0 /usr/local/CrossPack-AVR-20131216/lib/gcc/avr/4.8.1/../../../../avr/lib/avr6/libc.a(eerd_word_atmega2560.o)
 .data          0x008002cf        0x0 /usr/local/CrossPack-AVR-20131216/lib/gcc/avr/4.8.1/../../../../avr/lib/avr6/libc.a(eeupd_block_atmega2560.o)
 .data          0x008002cf        0x0 /usr/local/CrossPack-AVR-20131216/lib/gcc/avr/4.8.1/../../../../avr/lib/avr6/libc.a(eeupd_byte_atmega2560.o)
 .data          0x008002cf        0x0 /usr/local/CrossPack-AVR-20131216/lib/gcc/avr/4.8.1/../../../../avr/lib/avr6/libc.a(eeupd_word_atmega2560.o)
 .data          0x008002cf        0x0 /usr/local/CrossPack-AVR-20131216/lib/gcc/avr/4.8.1/../../../../avr/lib/avr6/libc.a(strnlen_P.o)
 .data          0x008002cf        0x0 /usr/local/CrossPack-AVR-20131216/lib/gcc/avr/4.8.1/../../../../avr/lib/avr6/libc.a(strnlen.o)
 .data          0x008002cf        0x0 /usr/local/CrossPack-AVR-20131216/lib/gcc/avr/4.8.1/../../../../avr/lib/avr6/libc.a(fputc.o)